[Wed Mar 13 00:43:36.356815 2019] [php7:error] [pid 1032] [client 119.29.196.109:34000] script '/var/www/html/9510.php' not found or unable to stat
[Wed Mar 13 00:43:36.740777 2019] [php7:error] [pid 1032] [client 119.29.196.109:34000] script '/var/www/html/python.php' not found or unable to stat
[Wed Mar 13 00:43:37.020864 2019] [php7:error] [pid 1032] [client 119.29.196.109:34000] script '/var/www/html/default.php' not found or unable to stat
[Wed Mar 13 00:43:37.284960 2019] [php7:error] [pid 1032] [client 119.29.196.109:34000] script '/var/www/html/sean.php' not found or unable to stat
[Wed Mar 13 00:43:37.538707 2019] [php7:error] [pid 1032] [client 119.29.196.109:34000] script '/var/www/html/app.php' not found or unable to stat
[Wed Mar 13 00:43:38.872270 2019] [php7:error] [pid 1032] [client 119.29.196.109:34000] script '/var/www/html/help.php' not found or unable to stat
[Wed Mar 13 00:43:39.131913 2019] [php7:error] [pid 1032] [client 119.29.196.109:34000] script '/var/www/html/tiandi.php' not found or unable to stat
[Wed Mar 13 00:43:39.410932 2019] [php7:error] [pid 1032] [client 119.29.196.109:34000] script '/var/www/html/miao.php' not found or unable to stat
[Wed Mar 13 00:43:39.666546 2019] [php7:error] [pid 1032] [client 119.29.196.109:34000] script '/var/www/html/xz.php' not found or unable to stat
[Wed Mar 13 00:43:39.936925 2019] [php7:error] [pid 1032] [client 119.29.196.109:34000] script '/var/www/html/linuxse.php' not found or unable to stat
[Wed Mar 13 00:43:40.202606 2019] [php7:error] [pid 1032] [client 119.29.196.109:34000] script '/var/www/html/zuoindex.php' not found or unable to stat
[Wed Mar 13 00:43:40.463950 2019] [php7:error] [pid 1032] [client 119.29.196.109:34000] script '/var/www/html/zshmindex.php' not found or unable to stat
[Wed Mar 13 00:43:40.725950 2019] [php7:error] [pid 1032] [client 119.29.196.109:34000] script '/var/www/html/tomcat.php' not found or unable to stat
[Wed Mar 13 00:43:41.446089 2019] [php7:error] [pid 1032] [client 119.29.196.109:34000] script '/var/www/html/ceshi.php' not found or unable to stat
[Wed Mar 13 00:43:42.618976 2019] [php7:error] [pid 1032] [client 119.29.196.109:34000] script '/var/www/html/1hou.php' not found or unable to stat
[Wed Mar 13 00:43:42.870660 2019] [php7:error] [pid 1032] [client 119.29.196.109:34000] script '/var/www/html/ou2.php' not found or unable to stat
[Wed Mar 13 00:43:43.156143 2019] [php7:error] [pid 1032] [client 119.29.196.109:34000] script '/var/www/html/zuos.php' not found or unable to stat
[Wed Mar 13 00:43:43.435634 2019] [php7:error] [pid 1032] [client 119.29.196.109:34000] script '/var/www/html/zuoss.php' not found or unable to stat
[Wed Mar 13 00:43:43.696582 2019] [php7:error] [pid 1032] [client 119.29.196.109:34000] script '/var/www/html/zuoshss.php' not found or unable to stat
[Wed Mar 13 00:43:43.957592 2019] [php7:error] [pid 1032] [client 119.29.196.109:34000] script '/var/www/html/boots.php' not found or unable to stat
[Wed Mar 13 00:43:44.212453 2019] [php7:error] [pid 1032] [client 119.29.196.109:34000] script '/var/www/html/she.php' not found or unable to stat
[Wed Mar 13 00:43:45.594715 2019] [php7:error] [pid 1032] [client 119.29.196.109:34000] script '/var/www/html/s.php' not found or unable to stat
[Wed Mar 13 00:43:46.014884 2019] [php7:error] [pid 1032] [client 119.29.196.109:34000] script '/var/www/html/qw.php' not found or unable to stat
[Wed Mar 13 00:43:46.872484 2019] [php7:error] [pid 1032] [client 119.29.196.109:34000] script '/var/www/html/test.php' not found or unable to stat
[Wed Mar 13 00:43:47.125459 2019] [php7:error] [pid 1032] [client 119.29.196.109:34000] script '/var/www/html/caonma.php' not found or unable to stat
[Wed Mar 13 00:43:47.383176 2019] [php7:error] [pid 1032] [client 119.29.196.109:34000] script '/var/www/html/wcp.php' not found or unable to stat
[Wed Mar 13 00:43:47.654096 2019] [php7:error] [pid 1032] [client 119.29.196.109:34000] script '/var/www/html/u.php' not found or unable to stat
[Wed Mar 13 00:43:47.928510 2019] [php7:error] [pid 1032] [client 119.29.196.109:34000] script '/var/www/html/uuu.php' not found or unable to stat
[Wed Mar 13 00:43:48.197624 2019] [php7:error] [pid 1032] [client 119.29.196.109:34000] script '/var/www/html/sss.php' not found or unable to stat
[Wed Mar 13 00:43:48.457925 2019] [php7:error] [pid 1032] [client 119.29.196.109:34000] script '/var/www/html/ss.php' not found or unable to stat
[Wed Mar 13 00:43:48.716604 2019] [php7:error] [pid 1032] [client 119.29.196.109:34000] script '/var/www/html/sss.php' not found or unable to stat
[Wed Mar 13 00:43:48.970735 2019] [php7:error] [pid 1032] [client 119.29.196.109:34000] script '/var/www/html/mazi.php' not found or unable to stat
[Wed Mar 13 00:43:49.749046 2019] [php7:error] [pid 1032] [client 119.29.196.109:34000] script '/var/www/html/phpini.php' not found or unable to stat
[Wed Mar 13 00:43:50.924169 2019] [php7:error] [pid 1032] [client 119.29.196.109:34000] script '/var/www/html/1.php' not found or unable to stat
[Wed Mar 13 00:43:51.234744 2019] [php7:error] [pid 1032] [client 119.29.196.109:34000] script '/var/www/html/2.php' not found or unable to stat
[Wed Mar 13 00:43:51.533533 2019] [php7:error] [pid 1032] [client 119.29.196.109:34000] script '/var/www/html/core.php' not found or unable to stat
[Wed Mar 13 00:43:51.834817 2019] [php7:error] [pid 1032] [client 119.29.196.109:34000] script '/var/www/html/qaz.php' not found or unable to stat
[Wed Mar 13 00:43:54.298191 2019] [php7:error] [pid 1032] [client 119.29.196.109:34000] script '/var/www/html/sha.php' not found or unable to stat
[Wed Mar 13 00:43:54.885105 2019] [php7:error] [pid 1032] [client 119.29.196.109:34000] script '/var/www/html/ppx.php' not found or unable to stat
[Wed Mar 13 00:43:55.151554 2019] [php7:error] [pid 1032] [client 119.29.196.109:34000] script '/var/www/html/1.php' not found or unable to stat
[Wed Mar 13 00:43:55.404069 2019] [php7:error] [pid 1032] [client 119.29.196.109:34000] script '/var/www/html/confg.php' not found or unable to stat
[Wed Mar 13 00:43:56.797759 2019] [php7:error] [pid 1032] [client 119.29.196.109:34000] script '/var/www/html/conf1g.php' not found or unable to stat
[Wed Mar 13 00:43:57.053592 2019] [php7:error] [pid 1032] [client 119.29.196.109:34000] script '/var/www/html/confg.php' not found or unable to stat
[Wed Mar 13 00:43:57.327574 2019] [php7:error] [pid 1032] [client 119.29.196.109:34000] script '/var/www/html/confg.php' not found or unable to stat
[Wed Mar 13 00:43:57.985494 2019] [php7:error] [pid 1032] [client 119.29.196.109:34000] script '/var/www/html/confg.php' not found or unable to stat
[Wed Mar 13 00:43:58.367809 2019] [php7:error] [pid 1032] [client 119.29.196.109:34000] script '/var/www/html/ver.php' not found or unable to stat
[Wed Mar 13 00:43:58.871525 2019] [php7:error] [pid 1032] [client 119.29.196.109:34000] script '/var/www/html/hack.php' not found or unable to stat
[Wed Mar 13 00:43:59.122984 2019] [php7:error] [pid 1032] [client 119.29.196.109:34000] script '/var/www/html/qa.php' not found or unable to stat
[Wed Mar 13 00:44:01.798495 2019] [php7:error] [pid 1032] [client 119.29.196.109:34000] script '/var/www/html/Ss.php' not found or unable to stat
[Wed Mar 13 00:44:02.073880 2019] [php7:error] [pid 1032] [client 119.29.196.109:34000] script '/var/www/html/xxx.php' not found or unable to stat
[Wed Mar 13 00:44:02.367016 2019] [php7:error] [pid 1032] [client 119.29.196.109:34000] script '/var/www/html/92.php' not found or unable to stat
[Wed Mar 13 00:44:02.625595 2019] [php7:error] [pid 1032] [client 119.29.196.109:34000] script '/var/www/html/z.php' not found or unable to stat
[Wed Mar 13 00:44:03.298419 2019] [php7:error] [pid 1032] [client 119.29.196.109:34000] script '/var/www/html/x.php' not found or unable to stat
[Wed Mar 13 00:44:03.639208 2019] [php7:error] [pid 1032] [client 119.29.196.109:34000] script '/var/www/html/dexgp.php' not found or unable to stat
[Wed Mar 13 00:44:04.485496 2019] [php7:error] [pid 1032] [client 119.29.196.109:34000] script '/var/www/html/nuoxi.php' not found or unable to stat
[Wed Mar 13 00:44:06.881300 2019] [php7:error] [pid 1032] [client 119.29.196.109:34000] script '/var/www/html/godkey.php' not found or unable to stat
[Wed Mar 13 00:44:07.166986 2019] [php7:error] [pid 1032] [client 119.29.196.109:34000] script '/var/www/html/okokok.php' not found or unable to stat
[Wed Mar 13 00:44:07.431037 2019] [php7:error] [pid 1032] [client 119.29.196.109:34000] script '/var/www/html/erwa.php' not found or unable to stat
[Wed Mar 13 00:44:08.094790 2019] [php7:error] [pid 1032] [client 119.29.196.109:34000] script '/var/www/html/pma.php' not found or unable to stat
[Wed Mar 13 00:44:11.096708 2019] [php7:error] [pid 1028] [client 119.29.196.109:43695] script '/var/www/html/ruyi.php' not found or unable to stat
[Wed Mar 13 00:44:11.398665 2019] [php7:error] [pid 1028] [client 119.29.196.109:43695] script '/var/www/html/51314.php' not found or unable to stat
[Wed Mar 13 00:44:11.635905 2019] [php7:error] [pid 1028] [client 119.29.196.109:43695] script '/var/www/html/5201314.php' not found or unable to stat
[Wed Mar 13 00:44:12.467239 2019] [php7:error] [pid 1028] [client 119.29.196.109:43695] script '/var/www/html/fusheng.php' not found or unable to stat
[Wed Mar 13 00:44:15.184619 2019] [php7:error] [pid 1028] [client 119.29.196.109:43695] script '/var/www/html/general.php' not found or unable to stat
[Wed Mar 13 00:44:15.423514 2019] [php7:error] [pid 1028] [client 119.29.196.109:43695] script '/var/www/html/repeat.php' not found or unable to stat
[Wed Mar 13 00:44:16.053209 2019] [php7:error] [pid 1028] [client 119.29.196.109:43695] script '/var/www/html/ldw.php' not found or unable to stat
[Wed Mar 13 00:44:19.243182 2019] [php7:error] [pid 1028] [client 119.29.196.109:43695] script '/var/www/html/api.php' not found or unable to stat
[Wed Mar 13 00:44:19.932248 2019] [php7:error] [pid 1028] [client 119.29.196.109:43695] script '/var/www/html/s1.php' not found or unable to stat
[Wed Mar 13 00:44:20.170646 2019] [php7:error] [pid 1028] [client 119.29.196.109:43695] script '/var/www/html/xiaodai.php' not found or unable to stat
[Wed Mar 13 00:44:20.719668 2019] [php7:error] [pid 1028] [client 119.29.196.109:43695] script '/var/www/html/hello.php' not found or unable to stat
[Wed Mar 13 00:44:22.852774 2019] [php7:error] [pid 1028] [client 119.29.196.109:43695] script '/var/www/html/hello.php' not found or unable to stat
[Wed Mar 13 00:44:23.129973 2019] [php7:error] [pid 1028] [client 119.29.196.109:43695] script '/var/www/html/admn.php' not found or unable to stat
[Wed Mar 13 00:44:23.370668 2019] [php7:error] [pid 1028] [client 119.29.196.109:43695] script '/var/www/html/hell.php' not found or unable to stat
[Wed Mar 13 00:44:23.632650 2019] [php7:error] [pid 1028] [client 119.29.196.109:43695] script '/var/www/html/xp.php' not found or unable to stat
[Wed Mar 13 00:44:23.872943 2019] [php7:error] [pid 1028] [client 119.29.196.109:43695] script '/var/www/html/1.php' not found or unable to stat
[Wed Mar 13 00:44:24.145953 2019] [php7:error] [pid 1028] [client 119.29.196.109:43695] script '/var/www/html/2.php' not found or unable to stat
[Wed Mar 13 00:44:26.852126 2019] [php7:error] [pid 1028] [client 119.29.196.109:43695] script '/var/www/html/p.php' not found or unable to stat
[Wed Mar 13 00:44:27.091037 2019] [php7:error] [pid 1028] [client 119.29.196.109:43695] script '/var/www/html/1.php' not found or unable to stat
[Wed Mar 13 00:44:27.364067 2019] [php7:error] [pid 1028] [client 119.29.196.109:43695] script '/var/www/html/a.php' not found or unable to stat
[Wed Mar 13 00:44:27.611985 2019] [php7:error] [pid 1028] [client 119.29.196.109:43695] script '/var/www/html/m.php' not found or unable to stat
[Wed Mar 13 00:44:27.862620 2019] [php7:error] [pid 1028] [client 119.29.196.109:43695] script '/var/www/html/conf.php' not found or unable to stat
[Wed Mar 13 00:44:28.116071 2019] [php7:error] [pid 1028] [client 119.29.196.109:43695] script '/var/www/html/123.php' not found or unable to stat
[Wed Mar 13 00:44:28.663624 2019] [php7:error] [pid 1028] [client 119.29.196.109:43695] script '/var/www/html/HX.php' not found or unable to stat
[Wed Mar 13 00:44:30.855713 2019] [php7:error] [pid 1028] [client 119.29.196.109:43695] script '/var/www/html/diy.php' not found or unable to stat
[Wed Mar 13 00:44:31.117841 2019] [php7:error] [pid 1028] [client 119.29.196.109:43695] script '/var/www/html/666.php' not found or unable to stat
[Wed Mar 13 00:44:31.367024 2019] [php7:error] [pid 1028] [client 119.29.196.109:43695] script '/var/www/html/777.php' not found or unable to stat
[Wed Mar 13 00:44:32.076677 2019] [php7:error] [pid 1028] [client 119.29.196.109:43695] script '/var/www/html/qwq.php' not found or unable to stat
[Wed Mar 13 00:44:32.428697 2019] [php7:error] [pid 1028] [client 119.29.196.109:43695] script '/var/www/html/qwqw.php' not found or unable to stat
[Wed Mar 13 00:44:34.878584 2019] [authz_core:error] [pid 1028] [client 119.29.196.109:43695] AH01630: client denied by server configuration: /var/www/html/.php
[Wed Mar 13 00:44:35.148083 2019] [php7:error] [pid 1028] [client 119.29.196.109:43695] script '/var/www/html/infos.php' not found or unable to stat
[Wed Mar 13 00:44:35.385129 2019] [php7:error] [pid 1028] [client 119.29.196.109:43695] script '/var/www/html/x.php' not found or unable to stat
[Wed Mar 13 00:44:35.626013 2019] [php7:error] [pid 1028] [client 119.29.196.109:43695] script '/var/www/html/lucky.php' not found or unable to stat
[Wed Mar 13 00:44:36.280287 2019] [php7:error] [pid 1028] [client 119.29.196.109:43695] script '/var/www/html/htfr.php' not found or unable to stat
[Wed Mar 13 00:44:36.625874 2019] [php7:error] [pid 1028] [client 119.29.196.109:43695] script '/var/www/html/zzk.php' not found or unable to stat
[Wed Mar 13 00:44:38.859218 2019] [php7:error] [pid 1028] [client 119.29.196.109:43695] script '/var/www/html/toor.php' not found or unable to stat
[Wed Mar 13 00:44:39.112271 2019] [php7:error] [pid 1028] [client 119.29.196.109:43695] script '/var/www/html/uu.php' not found or unable to stat
[Wed Mar 13 00:44:39.368622 2019] [php7:error] [pid 1028] [client 119.29.196.109:43695] script '/var/www/html/aa.php' not found or unable to stat
[Wed Mar 13 00:44:39.626269 2019] [php7:error] [pid 1028] [client 119.29.196.109:43695] script '/var/www/html/wb.php' not found or unable to stat
[Wed Mar 13 00:44:40.967672 2019] [php7:error] [pid 1028] [client 119.29.196.109:43695] script '/var/www/html/yj.php' not found or unable to stat
[Wed Mar 13 00:44:42.872894 2019] [php7:error] [pid 1028] [client 119.29.196.109:43695] script '/var/www/html/z.php' not found or unable to stat
[Wed Mar 13 00:44:43.113218 2019] [php7:error] [pid 1028] [client 119.29.196.109:43695] script '/var/www/html/7.php' not found or unable to stat
[Wed Mar 13 00:44:43.366117 2019] [php7:error] [pid 1028] [client 119.29.196.109:43695] script '/var/www/html/xiaoma.php' not found or unable to stat
[Wed Mar 13 00:44:43.633028 2019] [php7:error] [pid 1028] [client 119.29.196.109:43695] script '/var/www/html/xiaomae.php' not found or unable to stat
[Wed Mar 13 00:44:43.870258 2019] [php7:error] [pid 1028] [client 119.29.196.109:43695] script '/var/www/html/xiaomar.php' not found or unable to stat
[Wed Mar 13 00:44:44.113466 2019] [php7:error] [pid 1028] [client 119.29.196.109:43695] script '/var/www/html/qq.php' not found or unable to stat
[Wed Mar 13 00:44:44.364597 2019] [php7:error] [pid 1028] [client 119.29.196.109:43695] script '/var/www/html/data.php' not found or unable to stat
[Wed Mar 13 00:44:45.761267 2019] [php7:error] [pid 1028] [client 119.29.196.109:43695] script '/var/www/html/log.php' not found or unable to stat
[Wed Mar 13 00:44:46.862789 2019] [php7:error] [pid 1028] [client 119.29.196.109:43695] script '/var/www/html/fack.php' not found or unable to stat
[Wed Mar 13 00:44:47.144594 2019] [php7:error] [pid 1028] [client 119.29.196.109:43695] script '/var/www/html/angge.php' not found or unable to stat
[Wed Mar 13 00:44:47.421846 2019] [php7:error] [pid 1028] [client 119.29.196.109:43695] script '/var/www/html/cxfm666.php' not found or unable to stat
[Wed Mar 13 00:44:47.668652 2019] [php7:error] [pid 1028] [client 119.29.196.109:43695] script '/var/www/html/db.php' not found or unable to stat
[Wed Mar 13 00:44:47.917598 2019] [php7:error] [pid 1028] [client 119.29.196.109:43695] script '/var/www/html/hacly.php' not found or unable to stat
[Wed Mar 13 00:44:48.576742 2019] [php7:error] [pid 1028] [client 119.29.196.109:43695] script '/var/www/html/xiaomo.php' not found or unable to stat
[Wed Mar 13 00:44:50.261950 2019] [php7:error] [pid 1028] [client 119.29.196.109:43695] script '/var/www/html/xiaoyu.php' not found or unable to stat
[Wed Mar 13 00:44:50.857243 2019] [php7:error] [pid 1028] [client 119.29.196.109:43695] script '/var/www/html/xiaohei.php' not found or unable to stat
[Wed Mar 13 00:44:51.111881 2019] [php7:error] [pid 1028] [client 119.29.196.109:43695] script '/var/www/html/j.php' not found or unable to stat
[Wed Mar 13 00:44:51.369315 2019] [php7:error] [pid 1028] [client 119.29.196.109:43695] script '/var/www/html/qq5262.php' not found or unable to stat
[Wed Mar 13 00:44:51.613528 2019] [php7:error] [pid 1028] [client 119.29.196.109:43695] script '/var/www/html/lost.php' not found or unable to stat
[Wed Mar 13 00:44:51.853242 2019] [php7:error] [pid 1028] [client 119.29.196.109:43695] script '/var/www/html/php.php' not found or unable to stat
[Wed Mar 13 00:44:52.099695 2019] [php7:error] [pid 1028] [client 119.29.196.109:43695] script '/var/www/html/win.php' not found or unable to stat
[Wed Mar 13 00:44:52.351472 2019] [php7:error] [pid 1028] [client 119.29.196.109:43695] script '/var/www/html/win1.php' not found or unable to stat
[Wed Mar 13 00:44:53.089801 2019] [php7:error] [pid 1028] [client 119.29.196.109:43695] script '/var/www/html/linux.php' not found or unable to stat
[Wed Mar 13 00:44:54.861152 2019] [php7:error] [pid 1028] [client 119.29.196.109:43695] script '/var/www/html/linux1.php' not found or unable to stat
[Wed Mar 13 00:44:55.101233 2019] [php7:error] [pid 1028] [client 119.29.196.109:43695] script '/var/www/html/cc.php' not found or unable to stat
[Wed Mar 13 00:44:55.344571 2019] [php7:error] [pid 1028] [client 119.29.196.109:43695] script '/var/www/html/x.php' not found or unable to stat
[Wed Mar 13 00:44:55.967827 2019] [php7:error] [pid 1028] [client 119.29.196.109:43695] script '/var/www/html/lanke.php' not found or unable to stat
[Wed Mar 13 00:44:56.220202 2019] [php7:error] [pid 1028] [client 119.29.196.109:43695] script '/var/www/html/neko.php' not found or unable to stat
[Wed Mar 13 00:44:56.467383 2019] [php7:error] [pid 1028] [client 119.29.196.109:43695] script '/var/www/html/super.php' not found or unable to stat
[Wed Mar 13 00:44:56.912665 2019] [php7:error] [pid 1028] [client 119.29.196.109:43695] script '/var/www/html/cere.php' not found or unable to stat
[Wed Mar 13 00:44:58.877798 2019] [php7:error] [pid 1028] [client 119.29.196.109:43695] script '/var/www/html/aaa.php' not found or unable to stat
[Wed Mar 13 00:44:59.133034 2019] [php7:error] [pid 1028] [client 119.29.196.109:43695] script '/var/www/html/Administrator.php' not found or unable to stat
[Wed Mar 13 00:44:59.389507 2019] [php7:error] [pid 1028] [client 119.29.196.109:43695] script '/var/www/html/liangchen.php' not found or unable to stat
[Wed Mar 13 00:44:59.626711 2019] [php7:error] [pid 1028] [client 119.29.196.109:43695] script '/var/www/html/lucky.php' not found or unable to stat
[Wed Mar 13 00:44:59.872300 2019] [php7:error] [pid 1028] [client 119.29.196.109:43695] script '/var/www/html/meng.php' not found or unable to stat
[Wed Mar 13 00:45:00.116790 2019] [php7:error] [pid 1028] [client 119.29.196.109:43695] script '/var/www/html/no.php' not found or unable to stat
[Wed Mar 13 00:45:00.780158 2019] [php7:error] [pid 1028] [client 119.29.196.109:43695] script '/var/www/html/mysql.php' not found or unable to stat
[Wed Mar 13 00:45:02.864864 2019] [php7:error] [pid 1028] [client 119.29.196.109:43695] script '/var/www/html/Updata.php' not found or unable to stat
[Wed Mar 13 00:45:03.115939 2019] [php7:error] [pid 1028] [client 119.29.196.109:43695] script '/var/www/html/xxxx.php' not found or unable to stat
[Wed Mar 13 00:45:03.365557 2019] [php7:error] [pid 1028] [client 119.29.196.109:43695] script '/var/www/html/guai.php' not found or unable to stat
[Wed Mar 13 00:45:03.614517 2019] [php7:error] [pid 1028] [client 119.29.196.109:43695] script '/var/www/html/ljb.php' not found or unable to stat
[Wed Mar 13 00:45:04.983265 2019] [php7:error] [pid 1028] [client 119.29.196.109:43695] script '/var/www/html/www.php' not found or unable to stat
[Wed Mar 13 00:45:06.869527 2019] [php7:error] [pid 1028] [client 119.29.196.109:43695] script '/var/www/html/1.php' not found or unable to stat
[Wed Mar 13 00:45:07.141823 2019] [php7:error] [pid 1028] [client 119.29.196.109:43695] script '/var/www/html/chaoda.php' not found or unable to stat
[Wed Mar 13 00:45:07.413667 2019] [php7:error] [pid 1028] [client 119.29.196.109:43695] script '/var/www/html/qq.php' not found or unable to stat
[Wed Mar 13 00:45:07.685199 2019] [php7:error] [pid 1028] [client 119.29.196.109:43695] script '/var/www/html/vuln1.php' not found or unable to stat
[Wed Mar 13 00:45:07.930117 2019] [php7:error] [pid 1028] [client 119.29.196.109:43695] script '/var/www/html/orange.php' not found or unable to stat
[Wed Mar 13 00:45:08.577068 2019] [php7:error] [pid 1028] [client 119.29.196.109:43695] script '/var/www/html/MCLi.php' not found or unable to stat
[Wed Mar 13 00:45:09.131884 2019] [php7:error] [pid 1028] [client 119.29.196.109:43695] script '/var/www/html/MCLi.php' not found or unable to stat
[Wed Mar 13 00:45:10.855055 2019] [php7:error] [pid 1028] [client 119.29.196.109:43695] script '/var/www/html/coon.php' not found or unable to stat
[Wed Mar 13 00:45:11.113381 2019] [php7:error] [pid 1028] [client 119.29.196.109:43695] script '/var/www/html/1.php' not found or unable to stat
[Wed Mar 13 00:45:11.380897 2019] [php7:error] [pid 1028] [client 119.29.196.109:43695] script '/var/www/html/d.php' not found or unable to stat
[Wed Mar 13 00:45:11.625236 2019] [php7:error] [pid 1028] [client 119.29.196.109:43695] script '/var/www/html/zxc1.php' not found or unable to stat
[Wed Mar 13 00:45:12.280266 2019] [php7:error] [pid 1028] [client 119.29.196.109:43695] script '/var/www/html/zxc0.php' not found or unable to stat
[Wed Mar 13 00:45:12.533104 2019] [php7:error] [pid 1028] [client 119.29.196.109:43695] script '/var/www/html/zxc1.php' not found or unable to stat
[Wed Mar 13 00:45:12.770280 2019] [php7:error] [pid 1028] [client 119.29.196.109:43695] script '/var/www/html/zxc2.php' not found or unable to stat
[Wed Mar 13 00:45:13.789107 2019] [php7:error] [pid 1028] [client 119.29.196.109:43695] script '/var/www/html/indexa.php' not found or unable to stat
[Wed Mar 13 00:45:14.854250 2019] [php7:error] [pid 1028] [client 119.29.196.109:43695] script '/var/www/html/lx.php' not found or unable to stat
[Wed Mar 13 00:45:15.094052 2019] [php7:error] [pid 1028] [client 119.29.196.109:43695] script '/var/www/html/cn.php' not found or unable to stat
[Wed Mar 13 00:45:15.333261 2019] [php7:error] [pid 1028] [client 119.29.196.109:43695] script '/var/www/html/api.php' not found or unable to stat
[Wed Mar 13 00:45:15.578291 2019] [php7:error] [pid 1028] [client 119.29.196.109:43695] script '/var/www/html/index1.php' not found or unable to stat
[Wed Mar 13 00:45:16.087485 2019] [php7:error] [pid 1033] [client 119.29.196.109:53973] script '/var/www/html/info.php' not found or unable to stat
[Wed Mar 13 00:45:16.341731 2019] [php7:error] [pid 1033] [client 119.29.196.109:53973] script '/var/www/html/info1.php' not found or unable to stat
[Wed Mar 13 00:45:17.276854 2019] [php7:error] [pid 1033] [client 119.29.196.109:53973] script '/var/www/html/aaaaaa1.php' not found or unable to stat
[Wed Mar 13 00:45:18.851513 2019] [php7:error] [pid 1033] [client 119.29.196.109:53973] script '/var/www/html/up.php' not found or unable to stat
[Wed Mar 13 00:45:19.103136 2019] [php7:error] [pid 1033] [client 119.29.196.109:53973] script '/var/www/html/test123.php' not found or unable to stat
[Wed Mar 13 00:45:19.366565 2019] [php7:error] [pid 1033] [client 119.29.196.109:53973] script '/var/www/html/test123.php' not found or unable to stat
[Wed Mar 13 00:45:19.598830 2019] [php7:error] [pid 1033] [client 119.29.196.109:53973] script '/var/www/html/fb.php' not found or unable to stat
[Wed Mar 13 00:45:20.276970 2019] [php7:error] [pid 1033] [client 119.29.196.109:53973] script '/var/www/html/paylog.php' not found or unable to stat
[Wed Mar 13 00:45:20.522277 2019] [php7:error] [pid 1033] [client 119.29.196.109:53973] script '/var/www/html/paylog.php' not found or unable to stat
[Wed Mar 13 00:45:20.770191 2019] [php7:error] [pid 1033] [client 119.29.196.109:53973] script '/var/www/html/x.php' not found or unable to stat
[Wed Mar 13 00:45:21.210629 2019] [php7:error] [pid 1033] [client 119.29.196.109:53973] script '/var/www/html/cnm.php' not found or unable to stat
[Wed Mar 13 00:45:22.901114 2019] [php7:error] [pid 1033] [client 119.29.196.109:53973] script '/var/www/html/1ndex.php' not found or unable to stat
[Wed Mar 13 00:45:23.150951 2019] [php7:error] [pid 1033] [client 119.29.196.109:53973] script '/var/www/html/51.php' not found or unable to stat
[Wed Mar 13 00:45:23.413162 2019] [php7:error] [pid 1033] [client 119.29.196.109:53973] script '/var/www/html/cadre.php' not found or unable to stat
[Wed Mar 13 00:45:23.658563 2019] [php7:error] [pid 1033] [client 119.29.196.109:53973] script '/var/www/html/mm.php' not found or unable to stat
[Wed Mar 13 00:45:23.903486 2019] [php7:error] [pid 1033] [client 119.29.196.109:53973] script '/var/www/html/test.php' not found or unable to stat
[Wed Mar 13 00:45:24.149049 2019] [php7:error] [pid 1033] [client 119.29.196.109:53973] script '/var/www/html/1q.php' not found or unable to stat
[Wed Mar 13 00:45:24.396778 2019] [php7:error] [pid 1033] [client 119.29.196.109:53973] script '/var/www/html/1111.php' not found or unable to stat
[Wed Mar 13 00:45:24.640329 2019] [php7:error] [pid 1033] [client 119.29.196.109:53973] script '/var/www/html/errors.php' not found or unable to stat
[Wed Mar 13 00:45:24.914368 2019] [php7:error] [pid 1033] [client 119.29.196.109:53973] script '/var/www/html/q.php' not found or unable to stat
[Wed Mar 13 00:45:26.092934 2019] [php7:error] [pid 1033] [client 119.29.196.109:53973] script '/var/www/html/lanyecn.php' not found or unable to stat
[Wed Mar 13 00:45:26.848161 2019] [php7:error] [pid 1033] [client 119.29.196.109:53973] script '/var/www/html/mybestloves.php' not found or unable to stat
[Wed Mar 13 00:45:27.099489 2019] [php7:warn] [pid 1033] [client 119.29.196.109:53973] PHP Warning:  session_start(): Failed to read session data: user (path: /var/lib/php/sessions) in /var/www/html/libraries/joomla/session/handler/native.php on line 260
[Wed Mar 13 00:51:14.217994 2019] [php7:warn] [pid 1033] [client 190.8.62.148:4353] PHP Warning:  session_start(): Failed to read session data: user (path: /var/lib/php/sessions) in /var/www/html/libraries/joomla/session/handler/native.php on line 260
[Wed Mar 13 01:21:43.100621 2019] [php7:error] [pid 11337] [client 95.213.177.125:21625] script '/var/www/html/azenv.php' not found or unable to stat, referer: https://proxyradar.com/
[Wed Mar 13 01:43:36.939949 2019] [php7:warn] [pid 1031] [client 85.93.170.29:34221] PHP Warning:  session_start(): Failed to read session data: user (path: /var/lib/php/sessions) in /var/www/html/libraries/joomla/session/handler/native.php on line 260
[Wed Mar 13 01:48:48.489471 2019] [php7:warn] [pid 1029] [client 66.249.66.157:51708] PHP Warning:  session_start(): Failed to read session data: user (path: /var/lib/php/sessions) in /var/www/html/libraries/joomla/session/handler/native.php on line 260
[Wed Mar 13 01:59:31.461052 2019] [php7:error] [pid 11337] [client 51.255.45.209:34050] script '/var/www/html/b6e200ca9f415b3ca5af09aa54d95301.php' not found or unable to stat
[Wed Mar 13 02:04:14.797199 2019] [php7:warn] [pid 8062] [client 66.249.66.67:60870] PHP Warning:  session_start(): Failed to read session data: user (path: /var/lib/php/sessions) in /var/www/html/libraries/joomla/session/handler/native.php on line 260
[Wed Mar 13 02:07:19.443761 2019] [php7:warn] [pid 1031] [client 107.170.239.22:53716] PHP Warning:  session_start(): Failed to read session data: user (path: /var/lib/php/sessions) in /var/www/html/libraries/joomla/session/handler/native.php on line 260
[Wed Mar 13 03:04:35.484757 2019] [php7:warn] [pid 1028] [client 66.249.66.156:45081] PHP Warning:  session_start(): Failed to read session data: user (path: /var/lib/php/sessions) in /var/www/html/libraries/joomla/session/handler/native.php on line 260
[Wed Mar 13 03:34:18.450890 2019] [php7:warn] [pid 1031] [client 71.6.232.4:38634] PHP Warning:  session_start(): Failed to read session data: user (path: /var/lib/php/sessions) in /var/www/html/libraries/joomla/session/handler/native.php on line 260
[Wed Mar 13 03:38:05.627542 2019] [php7:warn] [pid 1033] [client 2.190.26.49:17008] PHP Warning:  session_start(): Failed to read session data: user (path: /var/lib/php/sessions) in /var/www/html/libraries/joomla/session/handler/native.php on line 260
[Wed Mar 13 04:10:18.967118 2019] [php7:notice] [pid 1032] [client 173.236.152.121:48576] PHP Notice:  Undefined index: HTTP_HOST in /var/www/html/libraries/src/Application/WebApplication.php on line 992
[Wed Mar 13 04:10:18.968657 2019] [php7:warn] [pid 1032] [client 173.236.152.121:48576] PHP Warning:  session_start(): Failed to read session data: user (path: /var/lib/php/sessions) in /var/www/html/libraries/joomla/session/handler/native.php on line 260
[Wed Mar 13 04:20:22.545948 2019] [php7:warn] [pid 1028] [client 66.249.66.156:37173] PHP Warning:  session_start(): Failed to read session data: user (path: /var/lib/php/sessions) in /var/www/html/libraries/joomla/session/handler/native.php on line 260
[Wed Mar 13 04:28:46.202110 2019] [php7:warn] [pid 1028] [client 177.11.142.37:30390] PHP Warning:  session_start(): Failed to read session data: user (path: /var/lib/php/sessions) in /var/www/html/libraries/joomla/session/handler/native.php on line 260
[Wed Mar 13 04:36:29.947876 2019] [php7:warn] [pid 1282] [client 54.36.150.165:37138] PHP Warning:  session_start(): Failed to read session data: user (path: /var/lib/php/sessions) in /var/www/html/libraries/joomla/session/handler/native.php on line 260
[Wed Mar 13 05:07:57.559716 2019] [php7:notice] [pid 11338] [client 220.132.36.228:43750] PHP Notice:  Undefined index: HTTP_HOST in /var/www/html/libraries/src/Application/WebApplication.php on line 992
[Wed Mar 13 05:07:57.561557 2019] [php7:warn] [pid 11338] [client 220.132.36.228:43750] PHP Warning:  session_start(): Failed to read session data: user (path: /var/lib/php/sessions) in /var/www/html/libraries/joomla/session/handler/native.php on line 260
[Wed Mar 13 05:31:05.200242 2019] [php7:warn] [pid 11338] [client 200.206.151.134:45832] PHP Warning:  session_start(): Failed to read session data: user (path: /var/lib/php/sessions) in /var/www/html/libraries/joomla/session/handler/native.php on line 260
[Wed Mar 13 05:36:09.491029 2019] [php7:warn] [pid 8062] [client 66.249.66.156:45518] PHP Warning:  session_start(): Failed to read session data: user (path: /var/lib/php/sessions) in /var/www/html/libraries/joomla/session/handler/native.php on line 260
[Wed Mar 13 06:14:47.095797 2019] [php7:error] [pid 1031] [client 95.213.177.124:2268] script '/var/www/html/azenv.php' not found or unable to stat, referer: https://proxyradar.com/
[Wed Mar 13 06:51:56.466972 2019] [php7:warn] [pid 1029] [client 66.249.66.71:63770] PHP Warning:  session_start(): Failed to read session data: user (path: /var/lib/php/sessions) in /var/www/html/libraries/joomla/session/handler/native.php on line 260
[Wed Mar 13 07:18:23.815157 2019] [php7:warn] [pid 8062] [client 103.132.6.2:38991] PHP Warning:  session_start(): Failed to read session data: user (path: /var/lib/php/sessions) in /var/www/html/libraries/joomla/session/handler/native.php on line 260
[Wed Mar 13 07:23:55.469082 2019] [php7:warn] [pid 8062] [client 198.199.113.84:50133] PHP Warning:  session_start(): Failed to read session data: user (path: /var/lib/php/sessions) in /var/www/html/libraries/joomla/session/handler/native.php on line 260
[Wed Mar 13 08:07:43.491986 2019] [php7:warn] [pid 1282] [client 66.249.66.154:48769] PHP Warning:  session_start(): Failed to read session data: user (path: /var/lib/php/sessions) in /var/www/html/libraries/joomla/session/handler/native.php on line 260
[Wed Mar 13 08:23:48.823293 2019] [php7:warn] [pid 11337] [client 54.36.148.192:33132] PHP Warning:  session_start(): Failed to read session data: user (path: /var/lib/php/sessions) in /var/www/html/libraries/joomla/session/handler/native.php on line 260
[Wed Mar 13 09:23:30.567275 2019] [php7:warn] [pid 8062] [client 66.249.66.157:56320] PHP Warning:  session_start(): Failed to read session data: user (path: /var/lib/php/sessions) in /var/www/html/libraries/joomla/session/handler/native.php on line 260
[Wed Mar 13 09:46:00.697339 2019] [php7:notice] [pid 11338] [client 93.113.125.89:44444] PHP Notice:  Undefined index: HTTP_HOST in /var/www/html/libraries/src/Application/WebApplication.php on line 992
[Wed Mar 13 09:46:00.699329 2019] [php7:warn] [pid 11338] [client 93.113.125.89:44444] PHP Warning:  session_start(): Failed to read session data: user (path: /var/lib/php/sessions) in /var/www/html/libraries/joomla/session/handler/native.php on line 260
[Wed Mar 13 10:21:47.521761 2019] [php7:warn] [pid 1028] [client 34.230.16.115:38340] PHP Warning:  session_start(): Failed to read session data: user (path: /var/lib/php/sessions) in /var/www/html/libraries/joomla/session/handler/native.php on line 260
[Wed Mar 13 10:39:17.707757 2019] [php7:warn] [pid 1282] [client 66.249.66.157:51089] PHP Warning:  session_start(): Failed to read session data: user (path: /var/lib/php/sessions) in /var/www/html/libraries/joomla/session/handler/native.php on line 260
[Wed Mar 13 10:57:04.389715 2019] [php7:error] [pid 11337] [client 95.213.177.125:41163] script '/var/www/html/azenv.php' not found or unable to stat, referer: https://proxyradar.com/
[Wed Mar 13 11:11:03.821386 2019] [php7:warn] [pid 11337] [client 91.83.88.45:35993] PHP Warning:  session_start(): Failed to read session data: user (path: /var/lib/php/sessions) in /var/www/html/libraries/joomla/session/handler/native.php on line 260
[Wed Mar 13 11:31:59.670524 2019] [php7:warn] [pid 11337] [client 61.7.138.185:57178] PHP Warning:  session_start(): Failed to read session data: user (path: /var/lib/php/sessions) in /var/www/html/libraries/joomla/session/handler/native.php on line 260
[Wed Mar 13 11:55:04.863585 2019] [php7:warn] [pid 1028] [client 66.249.66.154:43285] PHP Warning:  session_start(): Failed to read session data: user (path: /var/lib/php/sessions) in /var/www/html/libraries/joomla/session/handler/native.php on line 260
[Wed Mar 13 12:13:23.075842 2019] [php7:warn] [pid 1032] [client 85.185.202.123:35147] PHP Warning:  session_start(): Failed to read session data: user (path: /var/lib/php/sessions) in /var/www/html/libraries/joomla/session/handler/native.php on line 260
[Wed Mar 13 12:22:39.324797 2019] [php7:warn] [pid 1029] [client 189.129.108.80:44704] PHP Warning:  session_start(): Failed to read session data: user (path: /var/lib/php/sessions) in /var/www/html/libraries/joomla/session/handler/native.php on line 260
[Wed Mar 13 12:28:54.427613 2019] [php7:warn] [pid 8062] [client 171.13.14.29:55694] PHP Warning:  session_start(): Failed to read session data: user (path: /var/lib/php/sessions) in /var/www/html/libraries/joomla/session/handler/native.php on line 260
[Wed Mar 13 13:10:51.726556 2019] [php7:warn] [pid 1282] [client 66.249.66.154:46317] PHP Warning:  session_start(): Failed to read session data: user (path: /var/lib/php/sessions) in /var/www/html/libraries/joomla/session/handler/native.php on line 260
[Wed Mar 13 13:57:30.877051 2019] [php7:warn] [pid 1031] [client 54.36.148.66:16612] PHP Warning:  session_start(): Failed to read session data: user (path: /var/lib/php/sessions) in /var/www/html/libraries/joomla/session/handler/native.php on line 260
[Wed Mar 13 14:26:38.522197 2019] [php7:warn] [pid 1031] [client 66.249.66.138:45153] PHP Warning:  session_start(): Failed to read session data: user (path: /var/lib/php/sessions) in /var/www/html/libraries/joomla/session/handler/native.php on line 260
[Wed Mar 13 14:27:47.680020 2019] [php7:warn] [pid 11338] [client 191.254.127.230:33643] PHP Warning:  session_start(): Failed to read session data: user (path: /var/lib/php/sessions) in /var/www/html/libraries/joomla/session/handler/native.php on line 260
[Wed Mar 13 14:53:06.560087 2019] [php7:warn] [pid 8062] [client 54.36.148.100:36362] PHP Warning:  session_start(): Failed to read session data: user (path: /var/lib/php/sessions) in /var/www/html/libraries/joomla/session/handler/native.php on line 260
[Wed Mar 13 15:39:08.894376 2019] [php7:error] [pid 1028] [client 95.213.177.126:22276] script '/var/www/html/azenv.php' not found or unable to stat, referer: https://proxyradar.com/
[Wed Mar 13 15:42:25.582754 2019] [php7:warn] [pid 1029] [client 66.249.64.146:40596] PHP Warning:  session_start(): Failed to read session data: user (path: /var/lib/php/sessions) in /var/www/html/libraries/joomla/session/handler/native.php on line 260
[Wed Mar 13 16:28:29.988767 2019] [php7:warn] [pid 1033] [client 88.249.62.123:34275] PHP Warning:  session_start(): Failed to read session data: user (path: /var/lib/php/sessions) in /var/www/html/libraries/joomla/session/handler/native.php on line 260
[Wed Mar 13 17:04:47.838394 2019] [php7:warn] [pid 1028] [client 197.255.240.2:47146] PHP Warning:  session_start(): Failed to read session data: user (path: /var/lib/php/sessions) in /var/www/html/libraries/joomla/session/handler/native.php on line 260
[Wed Mar 13 17:22:04.117791 2019] [php7:warn] [pid 11336] [client 177.95.28.164:49333] PHP Warning:  session_start(): Failed to read session data: user (path: /var/lib/php/sessions) in /var/www/html/libraries/joomla/session/handler/native.php on line 260
[Wed Mar 13 17:29:43.407663 2019] [php7:warn] [pid 1282] [client 66.249.64.144:43358] PHP Warning:  session_start(): Failed to read session data: user (path: /var/lib/php/sessions) in /var/www/html/libraries/joomla/session/handler/native.php on line 260
[Wed Mar 13 18:17:15.016489 2019] [php7:notice] [pid 1029] [client 218.161.66.233:40407] PHP Notice:  Undefined index: HTTP_HOST in /var/www/html/libraries/src/Application/WebApplication.php on line 992
[Wed Mar 13 18:17:15.017992 2019] [php7:warn] [pid 1029] [client 218.161.66.233:40407] PHP Warning:  session_start(): Failed to read session data: user (path: /var/lib/php/sessions) in /var/www/html/libraries/joomla/session/handler/native.php on line 260
[Wed Mar 13 18:38:37.568607 2019] [php7:warn] [pid 1282] [client 66.249.64.146:61140] PHP Warning:  session_start(): Failed to read session data: user (path: /var/lib/php/sessions) in /var/www/html/libraries/joomla/session/handler/native.php on line 260
[Wed Mar 13 18:40:57.975147 2019] [php7:warn] [pid 1031] [client 185.129.124.66:34625] PHP Warning:  session_start(): Failed to read session data: user (path: /var/lib/php/sessions) in /var/www/html/libraries/joomla/session/handler/native.php on line 260
[Wed Mar 13 19:24:11.071587 2019] [php7:warn] [pid 11337] [client 54.36.149.57:41190] PHP Warning:  session_start(): Failed to read session data: user (path: /var/lib/php/sessions) in /var/www/html/libraries/joomla/session/handler/native.php on line 260
[Wed Mar 13 19:44:22.588200 2019] [php7:warn] [pid 1032] [client 179.124.212.14:41745] PHP Warning:  session_start(): Failed to read session data: user (path: /var/lib/php/sessions) in /var/www/html/libraries/joomla/session/handler/native.php on line 260
[Wed Mar 13 19:54:26.492219 2019] [php7:warn] [pid 11336] [client 66.249.64.146:63674] PHP Warning:  session_start(): Failed to read session data: user (path: /var/lib/php/sessions) in /var/www/html/libraries/joomla/session/handler/native.php on line 260
[Wed Mar 13 20:00:14.650281 2019] [php7:warn] [pid 8062] [client 194.44.130.122:39166] PHP Warning:  session_start(): Failed to read session data: user (path: /var/lib/php/sessions) in /var/www/html/libraries/joomla/session/handler/native.php on line 260
[Wed Mar 13 20:26:36.141559 2019] [php7:error] [pid 1029] [client 95.213.177.126:26723] script '/var/www/html/azenv.php' not found or unable to stat, referer: https://proxyradar.com/
[Wed Mar 13 20:35:18.872796 2019] [php7:warn] [pid 1029] [client 195.142.115.111:53973] PHP Warning:  session_start(): Failed to read session data: user (path: /var/lib/php/sessions) in /var/www/html/libraries/joomla/session/handler/native.php on line 260
[Wed Mar 13 21:10:11.853517 2019] [php7:warn] [pid 1029] [client 66.249.64.144:52160] PHP Warning:  session_start(): Failed to read session data: user (path: /var/lib/php/sessions) in /var/www/html/libraries/joomla/session/handler/native.php on line 260
[Wed Mar 13 21:20:14.172806 2019] [php7:warn] [pid 11336] [client 189.79.255.4:37637] PHP Warning:  session_start(): Failed to read session data: user (path: /var/lib/php/sessions) in /var/www/html/libraries/joomla/session/handler/native.php on line 260
[Wed Mar 13 22:00:20.221808 2019] [php7:warn] [pid 1032] [client 93.91.172.217:40528] PHP Warning:  session_start(): Failed to read session data: user (path: /var/lib/php/sessions) in /var/www/html/libraries/joomla/session/handler/native.php on line 260
[Wed Mar 13 22:25:58.499099 2019] [php7:warn] [pid 1028] [client 66.249.64.148:64388] PHP Warning:  session_start(): Failed to read session data: user (path: /var/lib/php/sessions) in /var/www/html/libraries/joomla/session/handler/native.php on line 260
[Wed Mar 13 22:50:57.613513 2019] [php7:warn] [pid 1028] [client 45.168.180.4:50328] PHP Warning:  session_start(): Failed to read session data: user (path: /var/lib/php/sessions) in /var/www/html/libraries/joomla/session/handler/native.php on line 260
[Wed Mar 13 23:12:57.019365 2019] [php7:warn] [pid 11338] [client 5.8.10.202:51660] PHP Warning:  session_start(): Failed to read session data: user (path: /var/lib/php/sessions) in /var/www/html/libraries/joomla/session/handler/native.php on line 260
[Wed Mar 13 23:23:47.099840 2019] [php7:warn] [pid 1032] [client 54.36.149.55:48890] PHP Warning:  session_start(): Failed to read session data: user (path: /var/lib/php/sessions) in /var/www/html/libraries/joomla/session/handler/native.php on line 260
[Wed Mar 13 23:41:45.492682 2019] [php7:warn] [pid 1033] [client 66.249.64.146:64061] PHP Warning:  session_start(): Failed to read session data: user (path: /var/lib/php/sessions) in /var/www/html/libraries/joomla/session/handler/native.php on line 260
[Wed Mar 13 23:49:57.101380 2019] [php7:warn] [pid 1029] [client 66.249.64.146:58497] PHP Warning:  session_start(): Failed to read session data: user (path: /var/lib/php/sessions) in /var/www/html/libraries/joomla/session/handler/native.php on line 260
[Thu Mar 14 00:03:44.320777 2019] [php7:warn] [pid 1031] [client 201.27.33.77:47802] PHP Warning:  session_start(): Failed to read session data: user (path: /var/lib/php/sessions) in /var/www/html/libraries/joomla/session/handler/native.php on line 260
[Thu Mar 14 00:03:44.322556 2019] [php7:warn] [pid 1282] [client 201.27.33.77:47803] PHP Warning:  session_start(): Failed to read session data: user (path: /var/lib/php/sessions) in /var/www/html/libraries/joomla/session/handler/native.php on line 260
[Thu Mar 14 00:06:58.129243 2019] [php7:notice] [pid 11336] [client 182.55.173.108:60121] PHP Notice:  Undefined index: HTTP_HOST in /var/www/html/libraries/src/Application/WebApplication.php on line 992
[Thu Mar 14 00:06:58.130903 2019] [php7:warn] [pid 11336] [client 182.55.173.108:60121] PHP Warning:  session_start(): Failed to read session data: user (path: /var/lib/php/sessions) in /var/www/html/libraries/joomla/session/handler/native.php on line 260
[Thu Mar 14 00:18:56.225470 2019] [php7:warn] [pid 1028] [client 94.102.49.193:59738] PHP Warning:  session_start(): Failed to read session data: user (path: /var/lib/php/sessions) in /var/www/html/libraries/joomla/session/handler/native.php on line 260
[Thu Mar 14 00:29:44.484392 2019] [php7:warn] [pid 11336] [client 54.36.148.109:19416] PHP Warning:  session_start(): Failed to read session data: user (path: /var/lib/php/sessions) in /var/www/html/libraries/joomla/session/handler/native.php on line 260
[Thu Mar 14 00:29:58.652280 2019] [php7:warn] [pid 11337] [client 66.249.64.100:36565] PHP Warning:  session_start(): Failed to read session data: user (path: /var/lib/php/sessions) in /var/www/html/libraries/joomla/session/handler/native.php on line 260
[Thu Mar 14 00:57:32.527237 2019] [php7:warn] [pid 1031] [client 66.249.64.144:56151] PHP Warning:  session_start(): Failed to read session data: user (path: /var/lib/php/sessions) in /var/www/html/libraries/joomla/session/handler/native.php on line 260
[Thu Mar 14 01:09:40.993161 2019] [php7:warn] [pid 8062] [client 66.249.64.146:52070] PHP Warning:  session_start(): Failed to read session data: user (path: /var/lib/php/sessions) in /var/www/html/libraries/joomla/session/handler/native.php on line 260
[Thu Mar 14 01:11:25.521630 2019] [php7:error] [pid 11336] [client 95.213.177.124:59538] script '/var/www/html/azenv.php' not found or unable to stat, referer: https://proxyradar.com/
[Thu Mar 14 01:32:16.976904 2019] [php7:warn] [pid 1282] [client 54.36.150.73:17608] PHP Warning:  session_start(): Failed to read session data: user (path: /var/lib/php/sessions) in /var/www/html/libraries/joomla/session/handler/native.php on line 260
[Thu Mar 14 02:13:19.792325 2019] [php7:warn] [pid 1282] [client 66.249.64.146:63744] PHP Warning:  session_start(): Failed to read session data: user (path: /var/lib/php/sessions) in /var/www/html/libraries/joomla/session/handler/native.php on line 260
[Thu Mar 14 03:03:00.990421 2019] [php7:warn] [pid 11338] [client 92.15.183.231:47706] PHP Warning:  session_start(): Failed to read session data: user (path: /var/lib/php/sessions) in /var/www/html/libraries/joomla/session/handler/native.php on line 260
[Thu Mar 14 03:09:35.473136 2019] [php7:notice] [pid 11338] [client 220.132.36.228:41892] PHP Notice:  Undefined index: HTTP_HOST in /var/www/html/libraries/src/Application/WebApplication.php on line 992
[Thu Mar 14 03:09:35.474750 2019] [php7:warn] [pid 11338] [client 220.132.36.228:41892] PHP Warning:  session_start(): Failed to read session data: user (path: /var/lib/php/sessions) in /var/www/html/libraries/joomla/session/handler/native.php on line 260
[Thu Mar 14 03:29:06.578972 2019] [php7:warn] [pid 11337] [client 66.249.64.146:56237] PHP Warning:  session_start(): Failed to read session data: user (path: /var/lib/php/sessions) in /var/www/html/libraries/joomla/session/handler/native.php on line 260
[Thu Mar 14 03:34:07.278220 2019] [php7:warn] [pid 1282] [client 189.0.207.246:33946] PHP Warning:  session_start(): Failed to read session data: user (path: /var/lib/php/sessions) in /var/www/html/libraries/joomla/session/handler/native.php on line 260
[Thu Mar 14 04:10:45.820782 2019] [php7:warn] [pid 11336] [client 66.249.64.146:56093] PHP Warning:  session_start(): Failed to read session data: user (path: /var/lib/php/sessions) in /var/www/html/libraries/joomla/session/handler/native.php on line 260
[Thu Mar 14 04:11:36.032843 2019] [php7:warn] [pid 1029] [client 66.249.64.148:47550] PHP Warning:  session_start(): Failed to read session data: user (path: /var/lib/php/sessions) in /var/www/html/libraries/joomla/session/handler/native.php on line 260
[Thu Mar 14 04:46:06.844351 2019] [php7:warn] [pid 1028] [client 54.36.148.195:35818] PHP Warning:  session_start(): Failed to read session data: user (path: /var/lib/php/sessions) in /var/www/html/libraries/joomla/session/handler/native.php on line 260
[Thu Mar 14 04:48:11.919530 2019] [php7:warn] [pid 1033] [client 66.249.64.105:54056] PHP Warning:  session_start(): Failed to read session data: user (path: /var/lib/php/sessions) in /var/www/html/libraries/joomla/session/handler/native.php on line 260
[Thu Mar 14 05:31:36.842604 2019] [php7:warn] [pid 1033] [client 66.249.64.103:55766] PHP Warning:  session_start(): Failed to read session data: user (path: /var/lib/php/sessions) in /var/www/html/libraries/joomla/session/handler/native.php on line 260
[Thu Mar 14 05:49:00.688511 2019] [php7:warn] [pid 1029] [client 211.23.154.136:57734] PHP Warning:  session_start(): Failed to read session data: user (path: /var/lib/php/sessions) in /var/www/html/libraries/joomla/session/handler/native.php on line 260
[Thu Mar 14 05:52:04.022753 2019] [php7:error] [pid 8062] [client 95.213.177.125:29366] script '/var/www/html/azenv.php' not found or unable to stat, referer: https://proxyradar.com/
[Thu Mar 14 06:00:40.809755 2019] [php7:warn] [pid 1032] [client 66.249.64.148:55984] PHP Warning:  session_start(): Failed to read session data: user (path: /var/lib/php/sessions) in /var/www/html/libraries/joomla/session/handler/native.php on line 260
[Thu Mar 14 06:03:35.684997 2019] [php7:warn] [pid 11338] [client 170.82.21.86:57226] PHP Warning:  session_start(): Failed to read session data: user (path: /var/lib/php/sessions) in /var/www/html/libraries/joomla/session/handler/native.php on line 260
