[Sat Mar 16 12:41:44.662771 2019] [php7:error] [pid 1029] [client 193.112.63.109:45472] script '/var/www/html/lapan.php' not found or unable to stat
[Sat Mar 16 12:41:44.927569 2019] [php7:error] [pid 1029] [client 193.112.63.109:45472] script '/var/www/html/p34ky1337.php' not found or unable to stat
[Sat Mar 16 12:41:45.906847 2019] [php7:error] [pid 1029] [client 193.112.63.109:45472] script '/var/www/html/pk1914.php' not found or unable to stat
[Sat Mar 16 12:41:47.375062 2019] [php7:error] [pid 1029] [client 193.112.63.109:45472] script '/var/www/html/sllolx.php' not found or unable to stat
[Sat Mar 16 12:41:47.620164 2019] [php7:error] [pid 1029] [client 193.112.63.109:45472] script '/var/www/html/Skri.php' not found or unable to stat
[Sat Mar 16 12:41:47.880322 2019] [php7:error] [pid 1029] [client 193.112.63.109:45472] script '/var/www/html/db_dataml.php' not found or unable to stat
[Sat Mar 16 12:41:48.133608 2019] [php7:error] [pid 1029] [client 193.112.63.109:45472] script '/var/www/html/db_desql.php' not found or unable to stat
[Sat Mar 16 12:41:48.377374 2019] [php7:error] [pid 1029] [client 193.112.63.109:45472] script '/var/www/html/mx.php' not found or unable to stat
[Sat Mar 16 12:41:48.624353 2019] [php7:error] [pid 1029] [client 193.112.63.109:45472] script '/var/www/html/wshell.php' not found or unable to stat
[Sat Mar 16 12:41:48.875701 2019] [php7:error] [pid 1029] [client 193.112.63.109:45472] script '/var/www/html/xshell.php' not found or unable to stat
[Sat Mar 16 12:41:50.697617 2019] [php7:error] [pid 1029] [client 193.112.63.109:45472] script '/var/www/html/qq.php' not found or unable to stat
[Sat Mar 16 12:41:51.387092 2019] [php7:error] [pid 1029] [client 193.112.63.109:45472] script '/var/www/html/conflg.php' not found or unable to stat
[Sat Mar 16 12:41:51.639538 2019] [php7:error] [pid 1029] [client 193.112.63.109:45472] script '/var/www/html/conflg.php' not found or unable to stat
[Sat Mar 16 12:41:51.884632 2019] [php7:error] [pid 1029] [client 193.112.63.109:45472] script '/var/www/html/lindex.php' not found or unable to stat
[Sat Mar 16 12:41:52.153332 2019] [php7:error] [pid 1029] [client 193.112.63.109:45472] script '/var/www/html/phpstudy.php' not found or unable to stat
[Sat Mar 16 12:41:52.395993 2019] [php7:error] [pid 1029] [client 193.112.63.109:45472] script '/var/www/html/phpStudy.php' not found or unable to stat
[Sat Mar 16 12:41:52.658118 2019] [php7:error] [pid 1029] [client 193.112.63.109:45472] script '/var/www/html/weixiao.php' not found or unable to stat
[Sat Mar 16 12:41:52.906005 2019] [php7:error] [pid 1029] [client 193.112.63.109:45472] script '/var/www/html/feixiang.php' not found or unable to stat
[Sat Mar 16 12:41:55.352951 2019] [php7:error] [pid 1029] [client 193.112.63.109:45472] script '/var/www/html/ak47.php' not found or unable to stat
[Sat Mar 16 12:41:55.607873 2019] [php7:error] [pid 1029] [client 193.112.63.109:45472] script '/var/www/html/ak48.php' not found or unable to stat
[Sat Mar 16 12:41:56.342930 2019] [php7:error] [pid 1029] [client 193.112.63.109:45472] script '/var/www/html/xiao.php' not found or unable to stat
[Sat Mar 16 12:41:59.652175 2019] [php7:error] [pid 8062] [client 193.112.63.109:56256] script '/var/www/html/defect.php' not found or unable to stat
[Sat Mar 16 12:41:59.914950 2019] [php7:error] [pid 8062] [client 193.112.63.109:56256] script '/var/www/html/webslee.php' not found or unable to stat
[Sat Mar 16 12:42:00.165960 2019] [php7:error] [pid 8062] [client 193.112.63.109:56256] script '/var/www/html/q.php' not found or unable to stat
[Sat Mar 16 12:42:00.435303 2019] [php7:error] [pid 8062] [client 193.112.63.109:56256] script '/var/www/html/pe.php' not found or unable to stat
[Sat Mar 16 12:42:00.691417 2019] [php7:error] [pid 8062] [client 193.112.63.109:56256] script '/var/www/html/hm.php' not found or unable to stat
[Sat Mar 16 12:42:00.952628 2019] [php7:error] [pid 8062] [client 193.112.63.109:56256] script '/var/www/html/cainiao.php' not found or unable to stat
[Sat Mar 16 12:42:01.934019 2019] [php7:error] [pid 8062] [client 193.112.63.109:56256] script '/var/www/html/zuoshou.php' not found or unable to stat
[Sat Mar 16 12:42:03.358205 2019] [php7:error] [pid 8062] [client 193.112.63.109:56256] script '/var/www/html/zuo.php' not found or unable to stat
[Sat Mar 16 12:42:03.602992 2019] [php7:error] [pid 8062] [client 193.112.63.109:56256] script '/var/www/html/aotu.php' not found or unable to stat
[Sat Mar 16 12:42:03.846023 2019] [php7:error] [pid 8062] [client 193.112.63.109:56256] script '/var/www/html/aotu7.php' not found or unable to stat
[Sat Mar 16 12:42:04.096186 2019] [php7:error] [pid 8062] [client 193.112.63.109:56256] script '/var/www/html/cmd.php' not found or unable to stat
[Sat Mar 16 12:42:04.342584 2019] [php7:error] [pid 8062] [client 193.112.63.109:56256] script '/var/www/html/bak.php' not found or unable to stat
[Sat Mar 16 12:42:05.690347 2019] [php7:error] [pid 8062] [client 193.112.63.109:56256] script '/var/www/html/system.php' not found or unable to stat
[Sat Mar 16 12:42:07.379857 2019] [php7:error] [pid 8062] [client 193.112.63.109:56256] script '/var/www/html/l6.php' not found or unable to stat
[Sat Mar 16 12:42:07.642578 2019] [php7:error] [pid 8062] [client 193.112.63.109:56256] script '/var/www/html/l7.php' not found or unable to stat
[Sat Mar 16 12:42:08.833702 2019] [php7:error] [pid 8062] [client 193.112.63.109:56256] script '/var/www/html/l8.php' not found or unable to stat
[Sat Mar 16 12:42:09.089178 2019] [php7:error] [pid 8062] [client 193.112.63.109:56256] script '/var/www/html/q.php' not found or unable to stat
[Sat Mar 16 12:42:09.373566 2019] [php7:error] [pid 8062] [client 193.112.63.109:56256] script '/var/www/html/56.php' not found or unable to stat
[Sat Mar 16 12:42:11.360818 2019] [php7:error] [pid 8062] [client 193.112.63.109:56256] script '/var/www/html/mz.php' not found or unable to stat
[Sat Mar 16 12:42:11.620335 2019] [php7:error] [pid 8062] [client 193.112.63.109:56256] script '/var/www/html/xx.php' not found or unable to stat
[Sat Mar 16 12:42:11.874329 2019] [php7:error] [pid 8062] [client 193.112.63.109:56256] script '/var/www/html/yumo.php' not found or unable to stat
[Sat Mar 16 12:42:12.119997 2019] [php7:error] [pid 8062] [client 193.112.63.109:56256] script '/var/www/html/min.php' not found or unable to stat
[Sat Mar 16 12:42:12.380528 2019] [php7:error] [pid 8062] [client 193.112.63.109:56256] script '/var/www/html/wan.php' not found or unable to stat
[Sat Mar 16 12:42:13.690361 2019] [php7:error] [pid 8062] [client 193.112.63.109:56256] script '/var/www/html/wanan.php' not found or unable to stat
[Sat Mar 16 12:42:15.364159 2019] [php7:error] [pid 8062] [client 193.112.63.109:56256] script '/var/www/html/ssaa.php' not found or unable to stat
[Sat Mar 16 12:42:15.611143 2019] [php7:error] [pid 8062] [client 193.112.63.109:56256] script '/var/www/html/qq.php' not found or unable to stat
[Sat Mar 16 12:42:15.862842 2019] [php7:error] [pid 8062] [client 193.112.63.109:56256] script '/var/www/html/aw.php' not found or unable to stat
[Sat Mar 16 12:42:16.113761 2019] [php7:error] [pid 8062] [client 193.112.63.109:56256] script '/var/www/html/12.php' not found or unable to stat
[Sat Mar 16 12:42:16.361038 2019] [php7:error] [pid 8062] [client 193.112.63.109:56256] script '/var/www/html/hh.php' not found or unable to stat
[Sat Mar 16 12:42:17.096599 2019] [php7:error] [pid 8062] [client 193.112.63.109:56256] script '/var/www/html/ak.php' not found or unable to stat
[Sat Mar 16 12:42:17.390660 2019] [php7:error] [pid 8062] [client 193.112.63.109:56256] script '/var/www/html/ip.php' not found or unable to stat
[Sat Mar 16 12:42:19.366458 2019] [php7:error] [pid 8062] [client 193.112.63.109:56256] script '/var/www/html/infoo.php' not found or unable to stat
[Sat Mar 16 12:42:19.618761 2019] [php7:error] [pid 8062] [client 193.112.63.109:56256] script '/var/www/html/qq.php' not found or unable to stat
[Sat Mar 16 12:42:19.861711 2019] [php7:error] [pid 8062] [client 193.112.63.109:56256] script '/var/www/html/qwe.php' not found or unable to stat
[Sat Mar 16 12:42:20.128377 2019] [php7:error] [pid 8062] [client 193.112.63.109:56256] script '/var/www/html/1213.php' not found or unable to stat
[Sat Mar 16 12:42:20.377315 2019] [php7:error] [pid 8062] [client 193.112.63.109:56256] script '/var/www/html/post.php' not found or unable to stat
[Sat Mar 16 12:42:20.632558 2019] [php7:error] [pid 8062] [client 193.112.63.109:56256] script '/var/www/html/aaaa.php' not found or unable to stat
[Sat Mar 16 12:42:21.893381 2019] [php7:error] [pid 8062] [client 193.112.63.109:56256] script '/var/www/html/h1.php' not found or unable to stat
[Sat Mar 16 12:42:22.571367 2019] [php7:error] [pid 8062] [client 193.112.63.109:56256] script '/var/www/html/test.php' not found or unable to stat
[Sat Mar 16 12:42:23.356643 2019] [php7:error] [pid 8062] [client 193.112.63.109:56256] script '/var/www/html/3.php' not found or unable to stat
[Sat Mar 16 12:42:24.066495 2019] [php7:error] [pid 8062] [client 193.112.63.109:56256] script '/var/www/html/phpinfi.php' not found or unable to stat
[Sat Mar 16 12:42:24.331187 2019] [php7:error] [pid 8062] [client 193.112.63.109:56256] script '/var/www/html/9510.php' not found or unable to stat
[Sat Mar 16 12:42:24.586324 2019] [php7:error] [pid 8062] [client 193.112.63.109:56256] script '/var/www/html/python.php' not found or unable to stat
[Sat Mar 16 12:42:24.829497 2019] [php7:error] [pid 8062] [client 193.112.63.109:56256] script '/var/www/html/default.php' not found or unable to stat
[Sat Mar 16 12:42:25.073745 2019] [php7:error] [pid 8062] [client 193.112.63.109:56256] script '/var/www/html/sean.php' not found or unable to stat
[Sat Mar 16 12:42:26.513936 2019] [php7:error] [pid 8062] [client 193.112.63.109:56256] script '/var/www/html/app.php' not found or unable to stat
[Sat Mar 16 12:42:27.359817 2019] [php7:error] [pid 8062] [client 193.112.63.109:56256] script '/var/www/html/help.php' not found or unable to stat
[Sat Mar 16 12:42:27.611736 2019] [php7:error] [pid 8062] [client 193.112.63.109:56256] script '/var/www/html/tiandi.php' not found or unable to stat
[Sat Mar 16 12:42:27.861204 2019] [php7:error] [pid 8062] [client 193.112.63.109:56256] script '/var/www/html/miao.php' not found or unable to stat
[Sat Mar 16 12:42:28.127962 2019] [php7:error] [pid 8062] [client 193.112.63.109:56256] script '/var/www/html/xz.php' not found or unable to stat
[Sat Mar 16 12:42:28.406624 2019] [php7:error] [pid 8062] [client 193.112.63.109:56256] script '/var/www/html/linuxse.php' not found or unable to stat
[Sat Mar 16 12:42:29.070431 2019] [php7:error] [pid 8062] [client 193.112.63.109:56256] script '/var/www/html/zuoindex.php' not found or unable to stat
[Sat Mar 16 12:42:31.366049 2019] [php7:error] [pid 8062] [client 193.112.63.109:56256] script '/var/www/html/zshmindex.php' not found or unable to stat
[Sat Mar 16 12:42:31.629472 2019] [php7:error] [pid 8062] [client 193.112.63.109:56256] script '/var/www/html/tomcat.php' not found or unable to stat
[Sat Mar 16 12:42:32.319813 2019] [php7:error] [pid 8062] [client 193.112.63.109:56256] script '/var/www/html/ceshi.php' not found or unable to stat
[Sat Mar 16 12:42:32.585695 2019] [php7:error] [pid 8062] [client 193.112.63.109:56256] script '/var/www/html/1hou.php' not found or unable to stat
[Sat Mar 16 12:42:33.190170 2019] [php7:error] [pid 8062] [client 193.112.63.109:56256] script '/var/www/html/ou2.php' not found or unable to stat
[Sat Mar 16 12:42:33.439259 2019] [php7:error] [pid 8062] [client 193.112.63.109:56256] script '/var/www/html/zuos.php' not found or unable to stat
[Sat Mar 16 12:42:35.354202 2019] [php7:error] [pid 8062] [client 193.112.63.109:56256] script '/var/www/html/zuoss.php' not found or unable to stat
[Sat Mar 16 12:42:35.607300 2019] [php7:error] [pid 8062] [client 193.112.63.109:56256] script '/var/www/html/zuoshss.php' not found or unable to stat
[Sat Mar 16 12:42:35.873275 2019] [php7:error] [pid 8062] [client 193.112.63.109:56256] script '/var/www/html/boots.php' not found or unable to stat
[Sat Mar 16 12:42:36.134960 2019] [php7:error] [pid 8062] [client 193.112.63.109:56256] script '/var/www/html/she.php' not found or unable to stat
[Sat Mar 16 12:42:36.400859 2019] [php7:error] [pid 8062] [client 193.112.63.109:56256] script '/var/www/html/s.php' not found or unable to stat
[Sat Mar 16 12:42:37.096880 2019] [php7:error] [pid 8062] [client 193.112.63.109:56256] script '/var/www/html/qw.php' not found or unable to stat
[Sat Mar 16 12:42:38.061610 2019] [php7:error] [pid 8062] [client 193.112.63.109:56256] script '/var/www/html/test.php' not found or unable to stat
[Sat Mar 16 12:42:39.357965 2019] [php7:error] [pid 8062] [client 193.112.63.109:56256] script '/var/www/html/caonma.php' not found or unable to stat
[Sat Mar 16 12:42:40.080295 2019] [php7:error] [pid 8062] [client 193.112.63.109:56256] script '/var/www/html/wcp.php' not found or unable to stat
[Sat Mar 16 12:42:40.325814 2019] [php7:error] [pid 8062] [client 193.112.63.109:56256] script '/var/www/html/u.php' not found or unable to stat
[Sat Mar 16 12:42:40.588315 2019] [php7:error] [pid 8062] [client 193.112.63.109:56256] script '/var/www/html/uuu.php' not found or unable to stat
[Sat Mar 16 12:42:41.190284 2019] [php7:error] [pid 8062] [client 193.112.63.109:56256] script '/var/www/html/sss.php' not found or unable to stat
[Sat Mar 16 12:42:42.058571 2019] [php7:error] [pid 8062] [client 193.112.63.109:56256] script '/var/www/html/ss.php' not found or unable to stat
[Sat Mar 16 12:42:43.381068 2019] [php7:error] [pid 8062] [client 193.112.63.109:56256] script '/var/www/html/sss.php' not found or unable to stat
[Sat Mar 16 12:42:43.646073 2019] [php7:error] [pid 8062] [client 193.112.63.109:56256] script '/var/www/html/mazi.php' not found or unable to stat
[Sat Mar 16 12:42:43.886540 2019] [php7:error] [pid 8062] [client 193.112.63.109:56256] script '/var/www/html/phpini.php' not found or unable to stat
[Sat Mar 16 12:42:44.129371 2019] [php7:error] [pid 8062] [client 193.112.63.109:56256] script '/var/www/html/1.php' not found or unable to stat
[Sat Mar 16 12:42:44.374272 2019] [php7:error] [pid 8062] [client 193.112.63.109:56256] script '/var/www/html/2.php' not found or unable to stat
[Sat Mar 16 12:42:45.096501 2019] [php7:error] [pid 8062] [client 193.112.63.109:56256] script '/var/www/html/core.php' not found or unable to stat
[Sat Mar 16 12:42:47.378975 2019] [php7:error] [pid 8062] [client 193.112.63.109:56256] script '/var/www/html/qaz.php' not found or unable to stat
[Sat Mar 16 12:42:47.634512 2019] [php7:error] [pid 8062] [client 193.112.63.109:56256] script '/var/www/html/sha.php' not found or unable to stat
[Sat Mar 16 12:42:47.881676 2019] [php7:error] [pid 8062] [client 193.112.63.109:56256] script '/var/www/html/ppx.php' not found or unable to stat
[Sat Mar 16 12:42:48.123554 2019] [php7:error] [pid 8062] [client 193.112.63.109:56256] script '/var/www/html/1.php' not found or unable to stat
[Sat Mar 16 12:42:48.367183 2019] [php7:error] [pid 8062] [client 193.112.63.109:56256] script '/var/www/html/confg.php' not found or unable to stat
[Sat Mar 16 12:42:48.614937 2019] [php7:error] [pid 8062] [client 193.112.63.109:56256] script '/var/www/html/conf1g.php' not found or unable to stat
[Sat Mar 16 12:42:48.856907 2019] [php7:error] [pid 8062] [client 193.112.63.109:56256] script '/var/www/html/confg.php' not found or unable to stat
[Sat Mar 16 12:42:49.104638 2019] [php7:error] [pid 8062] [client 193.112.63.109:56256] script '/var/www/html/confg.php' not found or unable to stat
[Sat Mar 16 12:42:49.703739 2019] [php7:error] [pid 8062] [client 193.112.63.109:56256] script '/var/www/html/confg.php' not found or unable to stat
[Sat Mar 16 12:42:51.388343 2019] [php7:error] [pid 8062] [client 193.112.63.109:56256] script '/var/www/html/ver.php' not found or unable to stat
[Sat Mar 16 12:42:52.110632 2019] [php7:error] [pid 8062] [client 193.112.63.109:56256] script '/var/www/html/hack.php' not found or unable to stat
[Sat Mar 16 12:42:52.355638 2019] [php7:error] [pid 8062] [client 193.112.63.109:56256] script '/var/www/html/qa.php' not found or unable to stat
[Sat Mar 16 12:42:53.393287 2019] [php7:error] [pid 8062] [client 193.112.63.109:56256] script '/var/www/html/Ss.php' not found or unable to stat
[Sat Mar 16 12:42:55.379265 2019] [php7:error] [pid 8062] [client 193.112.63.109:56256] script '/var/www/html/xxx.php' not found or unable to stat
[Sat Mar 16 12:42:55.623928 2019] [php7:error] [pid 8062] [client 193.112.63.109:56256] script '/var/www/html/92.php' not found or unable to stat
[Sat Mar 16 12:42:55.869464 2019] [php7:error] [pid 8062] [client 193.112.63.109:56256] script '/var/www/html/z.php' not found or unable to stat
[Sat Mar 16 12:42:56.111449 2019] [php7:error] [pid 8062] [client 193.112.63.109:56256] script '/var/www/html/x.php' not found or unable to stat
[Sat Mar 16 12:42:56.371333 2019] [php7:error] [pid 8062] [client 193.112.63.109:56256] script '/var/www/html/dexgp.php' not found or unable to stat
[Sat Mar 16 12:42:56.622783 2019] [php7:error] [pid 8062] [client 193.112.63.109:56256] script '/var/www/html/nuoxi.php' not found or unable to stat
[Sat Mar 16 12:42:56.868365 2019] [php7:error] [pid 8062] [client 193.112.63.109:56256] script '/var/www/html/godkey.php' not found or unable to stat
[Sat Mar 16 12:42:57.114660 2019] [php7:error] [pid 8062] [client 193.112.63.109:56256] script '/var/www/html/okokok.php' not found or unable to stat
[Sat Mar 16 12:42:59.183240 2019] [php7:error] [pid 8062] [client 193.112.63.109:56256] script '/var/www/html/erwa.php' not found or unable to stat
[Sat Mar 16 12:42:59.430890 2019] [php7:error] [pid 8062] [client 193.112.63.109:56256] script '/var/www/html/pma.php' not found or unable to stat
[Sat Mar 16 12:42:59.675910 2019] [php7:error] [pid 8062] [client 193.112.63.109:56256] script '/var/www/html/ruyi.php' not found or unable to stat
[Sat Mar 16 12:43:00.174258 2019] [php7:error] [pid 1031] [client 193.112.63.109:2844] script '/var/www/html/51314.php' not found or unable to stat
[Sat Mar 16 12:43:00.416272 2019] [php7:error] [pid 1031] [client 193.112.63.109:2844] script '/var/www/html/5201314.php' not found or unable to stat
[Sat Mar 16 12:43:00.668189 2019] [php7:error] [pid 1031] [client 193.112.63.109:2844] script '/var/www/html/fusheng.php' not found or unable to stat
[Sat Mar 16 12:43:01.592458 2019] [php7:error] [pid 1031] [client 193.112.63.109:2844] script '/var/www/html/general.php' not found or unable to stat
[Sat Mar 16 12:43:03.397340 2019] [php7:error] [pid 1031] [client 193.112.63.109:2844] script '/var/www/html/repeat.php' not found or unable to stat
[Sat Mar 16 12:43:03.645183 2019] [php7:error] [pid 1031] [client 193.112.63.109:2844] script '/var/www/html/ldw.php' not found or unable to stat
[Sat Mar 16 12:43:03.885829 2019] [php7:error] [pid 1031] [client 193.112.63.109:2844] script '/var/www/html/api.php' not found or unable to stat
[Sat Mar 16 12:43:04.128776 2019] [php7:error] [pid 1031] [client 193.112.63.109:2844] script '/var/www/html/s1.php' not found or unable to stat
[Sat Mar 16 12:43:04.383287 2019] [php7:error] [pid 1031] [client 193.112.63.109:2844] script '/var/www/html/xiaodai.php' not found or unable to stat
[Sat Mar 16 12:43:05.686319 2019] [php7:error] [pid 1031] [client 193.112.63.109:2844] script '/var/www/html/hello.php' not found or unable to stat
[Sat Mar 16 12:43:06.223597 2019] [php7:error] [pid 1031] [client 193.112.63.109:2844] script '/var/www/html/hello.php' not found or unable to stat
[Sat Mar 16 12:43:07.353407 2019] [php7:error] [pid 1031] [client 193.112.63.109:2844] script '/var/www/html/admn.php' not found or unable to stat
[Sat Mar 16 12:43:07.606752 2019] [php7:error] [pid 1031] [client 193.112.63.109:2844] script '/var/www/html/hell.php' not found or unable to stat
[Sat Mar 16 12:43:07.867863 2019] [php7:error] [pid 1031] [client 193.112.63.109:2844] script '/var/www/html/xp.php' not found or unable to stat
[Sat Mar 16 12:43:08.136105 2019] [php7:error] [pid 1031] [client 193.112.63.109:2844] script '/var/www/html/1.php' not found or unable to stat
[Sat Mar 16 12:43:08.889284 2019] [php7:error] [pid 1031] [client 193.112.63.109:2844] script '/var/www/html/2.php' not found or unable to stat
[Sat Mar 16 12:43:09.143613 2019] [php7:error] [pid 1031] [client 193.112.63.109:2844] script '/var/www/html/p.php' not found or unable to stat
[Sat Mar 16 12:43:09.390360 2019] [php7:error] [pid 1031] [client 193.112.63.109:2844] script '/var/www/html/1.php' not found or unable to stat
[Sat Mar 16 12:43:09.810796 2019] [php7:error] [pid 1031] [client 193.112.63.109:2844] script '/var/www/html/a.php' not found or unable to stat
[Sat Mar 16 12:43:11.410058 2019] [php7:error] [pid 1031] [client 193.112.63.109:2844] script '/var/www/html/m.php' not found or unable to stat
[Sat Mar 16 12:43:11.662234 2019] [php7:error] [pid 1031] [client 193.112.63.109:2844] script '/var/www/html/conf.php' not found or unable to stat
[Sat Mar 16 12:43:11.911194 2019] [php7:error] [pid 1031] [client 193.112.63.109:2844] script '/var/www/html/123.php' not found or unable to stat
[Sat Mar 16 12:43:12.166828 2019] [php7:error] [pid 1031] [client 193.112.63.109:2844] script '/var/www/html/HX.php' not found or unable to stat
[Sat Mar 16 12:43:12.880287 2019] [php7:error] [pid 1031] [client 193.112.63.109:2844] script '/var/www/html/diy.php' not found or unable to stat
[Sat Mar 16 12:43:13.126895 2019] [php7:error] [pid 1031] [client 193.112.63.109:2844] script '/var/www/html/666.php' not found or unable to stat
[Sat Mar 16 12:43:13.382552 2019] [php7:error] [pid 1031] [client 193.112.63.109:2844] script '/var/www/html/777.php' not found or unable to stat
[Sat Mar 16 12:43:13.832640 2019] [php7:error] [pid 1031] [client 193.112.63.109:2844] script '/var/www/html/qwq.php' not found or unable to stat
[Sat Mar 16 12:43:15.368224 2019] [php7:error] [pid 1031] [client 193.112.63.109:2844] script '/var/www/html/qwqw.php' not found or unable to stat
[Sat Mar 16 12:43:15.621204 2019] [authz_core:error] [pid 1031] [client 193.112.63.109:2844] AH01630: client denied by server configuration: /var/www/html/.php
[Sat Mar 16 12:43:15.864266 2019] [php7:error] [pid 1031] [client 193.112.63.109:2844] script '/var/www/html/infos.php' not found or unable to stat
[Sat Mar 16 12:43:16.124073 2019] [php7:error] [pid 1031] [client 193.112.63.109:2844] script '/var/www/html/x.php' not found or unable to stat
[Sat Mar 16 12:43:16.839504 2019] [php7:error] [pid 1031] [client 193.112.63.109:2844] script '/var/www/html/lucky.php' not found or unable to stat
[Sat Mar 16 12:43:17.106191 2019] [php7:error] [pid 1031] [client 193.112.63.109:2844] script '/var/www/html/htfr.php' not found or unable to stat
[Sat Mar 16 12:43:17.346269 2019] [php7:error] [pid 1031] [client 193.112.63.109:2844] script '/var/www/html/zzk.php' not found or unable to stat
[Sat Mar 16 12:43:18.057360 2019] [php7:error] [pid 1031] [client 193.112.63.109:2844] script '/var/www/html/toor.php' not found or unable to stat
[Sat Mar 16 12:43:19.356682 2019] [php7:error] [pid 1031] [client 193.112.63.109:2844] script '/var/www/html/uu.php' not found or unable to stat
[Sat Mar 16 12:43:19.600182 2019] [php7:error] [pid 1031] [client 193.112.63.109:2844] script '/var/www/html/aa.php' not found or unable to stat
[Sat Mar 16 12:43:19.857857 2019] [php7:error] [pid 1031] [client 193.112.63.109:2844] script '/var/www/html/wb.php' not found or unable to stat
[Sat Mar 16 12:43:20.120417 2019] [php7:error] [pid 1031] [client 193.112.63.109:2844] script '/var/www/html/yj.php' not found or unable to stat
[Sat Mar 16 12:43:22.592367 2019] [php7:error] [pid 1031] [client 193.112.63.109:2844] script '/var/www/html/z.php' not found or unable to stat
[Sat Mar 16 12:43:23.198520 2019] [php7:error] [pid 1031] [client 193.112.63.109:2844] script '/var/www/html/7.php' not found or unable to stat
[Sat Mar 16 12:43:23.457647 2019] [php7:error] [pid 1031] [client 193.112.63.109:2844] script '/var/www/html/xiaoma.php' not found or unable to stat
[Sat Mar 16 12:43:23.711139 2019] [php7:error] [pid 1031] [client 193.112.63.109:2844] script '/var/www/html/xiaomae.php' not found or unable to stat
[Sat Mar 16 12:43:23.967897 2019] [php7:error] [pid 1031] [client 193.112.63.109:2844] script '/var/www/html/xiaomar.php' not found or unable to stat
[Sat Mar 16 12:43:24.230420 2019] [php7:error] [pid 1031] [client 193.112.63.109:2844] script '/var/www/html/qq.php' not found or unable to stat
[Sat Mar 16 12:43:26.592808 2019] [php7:error] [pid 1031] [client 193.112.63.109:2844] script '/var/www/html/data.php' not found or unable to stat
[Sat Mar 16 12:43:27.365766 2019] [php7:error] [pid 1031] [client 193.112.63.109:2844] script '/var/www/html/log.php' not found or unable to stat
[Sat Mar 16 12:43:27.622690 2019] [php7:error] [pid 1031] [client 193.112.63.109:2844] script '/var/www/html/fack.php' not found or unable to stat
[Sat Mar 16 12:43:27.870875 2019] [php7:error] [pid 1031] [client 193.112.63.109:2844] script '/var/www/html/angge.php' not found or unable to stat
[Sat Mar 16 12:43:28.111071 2019] [php7:error] [pid 1031] [client 193.112.63.109:2844] script '/var/www/html/cxfm666.php' not found or unable to stat
[Sat Mar 16 12:43:28.816621 2019] [php7:error] [pid 1031] [client 193.112.63.109:2844] script '/var/www/html/db.php' not found or unable to stat
[Sat Mar 16 12:43:29.056375 2019] [php7:error] [pid 1031] [client 193.112.63.109:2844] script '/var/www/html/hacly.php' not found or unable to stat
[Sat Mar 16 12:43:29.317606 2019] [php7:error] [pid 1031] [client 193.112.63.109:2844] script '/var/www/html/xiaomo.php' not found or unable to stat
[Sat Mar 16 12:43:31.352626 2019] [php7:error] [pid 1031] [client 193.112.63.109:2844] script '/var/www/html/xiaoyu.php' not found or unable to stat
[Sat Mar 16 12:43:31.606352 2019] [php7:error] [pid 1031] [client 193.112.63.109:2844] script '/var/www/html/xiaohei.php' not found or unable to stat
[Sat Mar 16 12:43:31.846466 2019] [php7:error] [pid 1031] [client 193.112.63.109:2844] script '/var/www/html/j.php' not found or unable to stat
[Sat Mar 16 12:43:32.106500 2019] [php7:error] [pid 1031] [client 193.112.63.109:2844] script '/var/www/html/qq5262.php' not found or unable to stat
[Sat Mar 16 12:43:32.348235 2019] [php7:error] [pid 1031] [client 193.112.63.109:2844] script '/var/www/html/lost.php' not found or unable to stat
[Sat Mar 16 12:43:33.092410 2019] [php7:error] [pid 1031] [client 193.112.63.109:2844] script '/var/www/html/php.php' not found or unable to stat
[Sat Mar 16 12:43:33.349602 2019] [php7:error] [pid 1031] [client 193.112.63.109:2844] script '/var/www/html/win.php' not found or unable to stat
[Sat Mar 16 12:43:33.684183 2019] [php7:error] [pid 1031] [client 193.112.63.109:2844] script '/var/www/html/win1.php' not found or unable to stat
[Sat Mar 16 12:43:35.355516 2019] [php7:error] [pid 1031] [client 193.112.63.109:2844] script '/var/www/html/linux.php' not found or unable to stat
[Sat Mar 16 12:43:35.619198 2019] [php7:error] [pid 1031] [client 193.112.63.109:2844] script '/var/www/html/linux1.php' not found or unable to stat
[Sat Mar 16 12:43:35.863652 2019] [php7:error] [pid 1031] [client 193.112.63.109:2844] script '/var/www/html/cc.php' not found or unable to stat
[Sat Mar 16 12:43:36.126975 2019] [php7:error] [pid 1031] [client 193.112.63.109:2844] script '/var/www/html/x.php' not found or unable to stat
[Sat Mar 16 12:43:36.373106 2019] [php7:error] [pid 1031] [client 193.112.63.109:2844] script '/var/www/html/lanke.php' not found or unable to stat
[Sat Mar 16 12:43:36.618603 2019] [php7:error] [pid 1031] [client 193.112.63.109:2844] script '/var/www/html/neko.php' not found or unable to stat
[Sat Mar 16 12:43:36.870223 2019] [php7:error] [pid 1031] [client 193.112.63.109:2844] script '/var/www/html/super.php' not found or unable to stat
[Sat Mar 16 12:43:37.592324 2019] [php7:error] [pid 1031] [client 193.112.63.109:2844] script '/var/www/html/cere.php' not found or unable to stat
[Sat Mar 16 12:43:39.352418 2019] [php7:error] [pid 1031] [client 193.112.63.109:2844] script '/var/www/html/aaa.php' not found or unable to stat
[Sat Mar 16 12:43:39.615410 2019] [php7:error] [pid 1031] [client 193.112.63.109:2844] script '/var/www/html/Administrator.php' not found or unable to stat
[Sat Mar 16 12:43:39.859954 2019] [php7:error] [pid 1031] [client 193.112.63.109:2844] script '/var/www/html/liangchen.php' not found or unable to stat
[Sat Mar 16 12:43:40.110213 2019] [php7:error] [pid 1031] [client 193.112.63.109:2844] script '/var/www/html/lucky.php' not found or unable to stat
[Sat Mar 16 12:43:40.355443 2019] [php7:error] [pid 1031] [client 193.112.63.109:2844] script '/var/www/html/meng.php' not found or unable to stat
[Sat Mar 16 12:43:40.602861 2019] [php7:error] [pid 1031] [client 193.112.63.109:2844] script '/var/www/html/no.php' not found or unable to stat
[Sat Mar 16 12:43:40.854865 2019] [php7:error] [pid 1031] [client 193.112.63.109:2844] script '/var/www/html/mysql.php' not found or unable to stat
[Sat Mar 16 12:43:41.592271 2019] [php7:error] [pid 1031] [client 193.112.63.109:2844] script '/var/www/html/Updata.php' not found or unable to stat
[Sat Mar 16 12:43:43.352247 2019] [php7:error] [pid 1031] [client 193.112.63.109:2844] script '/var/www/html/xxxx.php' not found or unable to stat
[Sat Mar 16 12:43:43.592869 2019] [php7:error] [pid 1031] [client 193.112.63.109:2844] script '/var/www/html/guai.php' not found or unable to stat
[Sat Mar 16 12:43:43.846262 2019] [php7:error] [pid 1031] [client 193.112.63.109:2844] script '/var/www/html/ljb.php' not found or unable to stat
[Sat Mar 16 12:43:44.103597 2019] [php7:error] [pid 1031] [client 193.112.63.109:2844] script '/var/www/html/www.php' not found or unable to stat
[Sat Mar 16 12:43:44.344307 2019] [php7:error] [pid 1031] [client 193.112.63.109:2844] script '/var/www/html/1.php' not found or unable to stat
[Sat Mar 16 12:43:44.889246 2019] [php7:error] [pid 1031] [client 193.112.63.109:2844] script '/var/www/html/chaoda.php' not found or unable to stat
[Sat Mar 16 12:43:45.133911 2019] [php7:error] [pid 1031] [client 193.112.63.109:2844] script '/var/www/html/qq.php' not found or unable to stat
[Sat Mar 16 12:43:45.381952 2019] [php7:error] [pid 1031] [client 193.112.63.109:2844] script '/var/www/html/vuln1.php' not found or unable to stat
[Sat Mar 16 12:43:46.536231 2019] [php7:error] [pid 1031] [client 193.112.63.109:2844] script '/var/www/html/orange.php' not found or unable to stat
[Sat Mar 16 12:43:47.354077 2019] [php7:error] [pid 1031] [client 193.112.63.109:2844] script '/var/www/html/erba.php' not found or unable to stat
[Sat Mar 16 12:43:48.069206 2019] [php7:error] [pid 1031] [client 193.112.63.109:2844] script '/var/www/html/link.php' not found or unable to stat
[Sat Mar 16 12:43:50.592495 2019] [php7:error] [pid 1031] [client 193.112.63.109:2844] script '/var/www/html/MCLi.php' not found or unable to stat
[Sat Mar 16 12:43:51.378767 2019] [php7:error] [pid 1031] [client 193.112.63.109:2844] script '/var/www/html/MCLi.php' not found or unable to stat
[Sat Mar 16 12:43:52.061272 2019] [php7:error] [pid 1031] [client 193.112.63.109:2844] script '/var/www/html/coon.php' not found or unable to stat
[Sat Mar 16 12:43:52.328083 2019] [php7:error] [pid 1031] [client 193.112.63.109:2844] script '/var/www/html/1.php' not found or unable to stat
[Sat Mar 16 12:43:52.591820 2019] [php7:error] [pid 1031] [client 193.112.63.109:2844] script '/var/www/html/d.php' not found or unable to stat
[Sat Mar 16 12:43:53.592484 2019] [php7:error] [pid 1031] [client 193.112.63.109:2844] script '/var/www/html/zxc1.php' not found or unable to stat
[Sat Mar 16 12:43:53.883857 2019] [php7:error] [pid 1031] [client 193.112.63.109:2844] script '/var/www/html/zxc0.php' not found or unable to stat
[Sat Mar 16 12:43:55.349922 2019] [php7:error] [pid 1031] [client 193.112.63.109:2844] script '/var/www/html/zxc1.php' not found or unable to stat
[Sat Mar 16 12:43:55.602919 2019] [php7:error] [pid 1031] [client 193.112.63.109:2844] script '/var/www/html/zxc2.php' not found or unable to stat
[Sat Mar 16 12:43:55.850796 2019] [php7:error] [pid 1031] [client 193.112.63.109:2844] script '/var/www/html/indexa.php' not found or unable to stat
[Sat Mar 16 12:43:56.108069 2019] [php7:error] [pid 1031] [client 193.112.63.109:2844] script '/var/www/html/lx.php' not found or unable to stat
[Sat Mar 16 12:43:56.349135 2019] [php7:error] [pid 1031] [client 193.112.63.109:2844] script '/var/www/html/cn.php' not found or unable to stat
[Sat Mar 16 12:43:57.889297 2019] [php7:error] [pid 1031] [client 193.112.63.109:2844] script '/var/www/html/api.php' not found or unable to stat
[Sat Mar 16 12:43:59.596855 2019] [php7:error] [pid 1028] [client 193.112.63.109:13667] script '/var/www/html/index1.php' not found or unable to stat
[Sat Mar 16 12:43:59.846822 2019] [php7:error] [pid 1028] [client 193.112.63.109:13667] script '/var/www/html/info.php' not found or unable to stat
[Sat Mar 16 12:44:00.087344 2019] [php7:error] [pid 1028] [client 193.112.63.109:13667] script '/var/www/html/info1.php' not found or unable to stat
[Sat Mar 16 12:44:01.889259 2019] [php7:error] [pid 1028] [client 193.112.63.109:13667] script '/var/www/html/aaaaaa1.php' not found or unable to stat
[Sat Mar 16 12:44:03.349768 2019] [php7:error] [pid 1028] [client 193.112.63.109:13667] script '/var/www/html/up.php' not found or unable to stat
[Sat Mar 16 12:44:03.606259 2019] [php7:error] [pid 1028] [client 193.112.63.109:13667] script '/var/www/html/test123.php' not found or unable to stat
[Sat Mar 16 12:44:03.855355 2019] [php7:error] [pid 1028] [client 193.112.63.109:13667] script '/var/www/html/test123.php' not found or unable to stat
[Sat Mar 16 12:44:04.103105 2019] [php7:error] [pid 1028] [client 193.112.63.109:13667] script '/var/www/html/fb.php' not found or unable to stat
[Sat Mar 16 12:44:04.356066 2019] [php7:error] [pid 1028] [client 193.112.63.109:13667] script '/var/www/html/paylog.php' not found or unable to stat
[Sat Mar 16 12:44:06.889393 2019] [php7:error] [pid 1028] [client 193.112.63.109:13667] script '/var/www/html/paylog.php' not found or unable to stat
[Sat Mar 16 12:44:07.357300 2019] [php7:error] [pid 1028] [client 193.112.63.109:13667] script '/var/www/html/x.php' not found or unable to stat
[Sat Mar 16 12:44:07.607842 2019] [php7:error] [pid 1028] [client 193.112.63.109:13667] script '/var/www/html/cnm.php' not found or unable to stat
[Sat Mar 16 12:44:07.876039 2019] [php7:error] [pid 1028] [client 193.112.63.109:13667] script '/var/www/html/1ndex.php' not found or unable to stat
[Sat Mar 16 12:44:08.119791 2019] [php7:error] [pid 1028] [client 193.112.63.109:13667] script '/var/www/html/51.php' not found or unable to stat
[Sat Mar 16 12:44:08.359787 2019] [php7:error] [pid 1028] [client 193.112.63.109:13667] script '/var/www/html/cadre.php' not found or unable to stat
[Sat Mar 16 12:44:08.604362 2019] [php7:error] [pid 1028] [client 193.112.63.109:13667] script '/var/www/html/mm.php' not found or unable to stat
[Sat Mar 16 12:44:08.858378 2019] [php7:error] [pid 1028] [client 193.112.63.109:13667] script '/var/www/html/test.php' not found or unable to stat
[Sat Mar 16 12:44:10.186053 2019] [php7:error] [pid 1028] [client 193.112.63.109:13667] script '/var/www/html/1q.php' not found or unable to stat
[Sat Mar 16 12:44:11.353972 2019] [php7:error] [pid 1028] [client 193.112.63.109:13667] script '/var/www/html/1111.php' not found or unable to stat
[Sat Mar 16 12:44:11.593036 2019] [php7:error] [pid 1028] [client 193.112.63.109:13667] script '/var/www/html/errors.php' not found or unable to stat
[Sat Mar 16 12:44:11.849495 2019] [php7:error] [pid 1028] [client 193.112.63.109:13667] script '/var/www/html/q.php' not found or unable to stat
[Sat Mar 16 12:44:12.098176 2019] [php7:error] [pid 1028] [client 193.112.63.109:13667] script '/var/www/html/lanyecn.php' not found or unable to stat
[Sat Mar 16 12:44:14.592568 2019] [php7:error] [pid 1028] [client 193.112.63.109:13667] script '/var/www/html/mybestloves.php' not found or unable to stat
[Sat Mar 16 12:44:15.366353 2019] [php7:warn] [pid 1028] [client 193.112.63.109:13667] PHP Warning:  session_start(): Failed to read session data: user (path: /var/lib/php/sessions) in /var/www/html/libraries/joomla/session/handler/native.php on line 260
[Sat Mar 16 12:47:47.636737 2019] [php7:warn] [pid 1282] [client 191.205.39.74:58468] PHP Warning:  session_start(): Failed to read session data: user (path: /var/lib/php/sessions) in /var/www/html/libraries/joomla/session/handler/native.php on line 260
[Sat Mar 16 13:28:13.500499 2019] [php7:warn] [pid 1031] [client 66.249.64.146:63386] PHP Warning:  session_start(): Failed to read session data: user (path: /var/lib/php/sessions) in /var/www/html/libraries/joomla/session/handler/native.php on line 260
[Sat Mar 16 14:25:55.338983 2019] [php7:error] [pid 1028] [client 5.188.210.55:62529] script '/var/www/html/echo.php' not found or unable to stat, referer: https://www.google.com/
[Sat Mar 16 14:44:00.495918 2019] [php7:warn] [pid 1032] [client 66.249.64.144:39594] PHP Warning:  session_start(): Failed to read session data: user (path: /var/lib/php/sessions) in /var/www/html/libraries/joomla/session/handler/native.php on line 260
[Sat Mar 16 15:59:47.495316 2019] [php7:warn] [pid 11338] [client 66.249.64.148:44266] PHP Warning:  session_start(): Failed to read session data: user (path: /var/lib/php/sessions) in /var/www/html/libraries/joomla/session/handler/native.php on line 260
[Sat Mar 16 17:15:34.508050 2019] [php7:warn] [pid 1033] [client 66.249.64.148:51502] PHP Warning:  session_start(): Failed to read session data: user (path: /var/lib/php/sessions) in /var/www/html/libraries/joomla/session/handler/native.php on line 260
[Sat Mar 16 17:53:49.182434 2019] [php7:warn] [pid 1282] [client 60.191.38.77:19837] PHP Warning:  session_start(): Failed to read session data: user (path: /var/lib/php/sessions) in /var/www/html/libraries/joomla/session/handler/native.php on line 260
[Sat Mar 16 17:53:49.183251 2019] [php7:warn] [pid 1033] [client 60.191.38.77:19835] PHP Warning:  session_start(): Failed to read session data: user (path: /var/lib/php/sessions) in /var/www/html/libraries/joomla/session/handler/native.php on line 260
[Sat Mar 16 18:31:21.580118 2019] [php7:warn] [pid 1032] [client 66.249.64.144:48720] PHP Warning:  session_start(): Failed to read session data: user (path: /var/lib/php/sessions) in /var/www/html/libraries/joomla/session/handler/native.php on line 260
[Sat Mar 16 19:47:08.489398 2019] [php7:warn] [pid 1029] [client 66.249.64.148:35163] PHP Warning:  session_start(): Failed to read session data: user (path: /var/lib/php/sessions) in /var/www/html/libraries/joomla/session/handler/native.php on line 260
[Sat Mar 16 20:14:38.303764 2019] [php7:warn] [pid 11336] [client 185.16.32.173:36840] PHP Warning:  session_start(): Failed to read session data: user (path: /var/lib/php/sessions) in /var/www/html/libraries/joomla/session/handler/native.php on line 260
[Sat Mar 16 20:34:37.014835 2019] [php7:warn] [pid 11338] [client 84.244.118.31:49735] PHP Warning:  session_start(): Failed to read session data: user (path: /var/lib/php/sessions) in /var/www/html/libraries/joomla/session/handler/native.php on line 260
[Sat Mar 16 21:02:55.546082 2019] [php7:warn] [pid 11338] [client 66.249.64.146:59771] PHP Warning:  session_start(): Failed to read session data: user (path: /var/lib/php/sessions) in /var/www/html/libraries/joomla/session/handler/native.php on line 260
[Sat Mar 16 21:43:27.553733 2019] [php7:warn] [pid 1282] [client 54.36.150.85:47000] PHP Warning:  session_start(): Failed to read session data: user (path: /var/lib/php/sessions) in /var/www/html/libraries/joomla/session/handler/native.php on line 260
[Sat Mar 16 21:56:40.171086 2019] [php7:warn] [pid 1033] [client 139.162.119.197:42278] PHP Warning:  session_start(): Failed to read session data: user (path: /var/lib/php/sessions) in /var/www/html/libraries/joomla/session/handler/native.php on line 260
[Sat Mar 16 22:01:11.566476 2019] [php7:warn] [pid 8062] [client 45.70.193.169:50305] PHP Warning:  session_start(): Failed to read session data: user (path: /var/lib/php/sessions) in /var/www/html/libraries/joomla/session/handler/native.php on line 260
[Sat Mar 16 22:04:04.013420 2019] [php7:warn] [pid 11336] [client 200.100.230.73:50652] PHP Warning:  session_start(): Failed to read session data: user (path: /var/lib/php/sessions) in /var/www/html/libraries/joomla/session/handler/native.php on line 260
[Sat Mar 16 22:18:42.613574 2019] [php7:warn] [pid 1032] [client 66.249.64.144:45295] PHP Warning:  session_start(): Failed to read session data: user (path: /var/lib/php/sessions) in /var/www/html/libraries/joomla/session/handler/native.php on line 260
[Sat Mar 16 23:34:29.505994 2019] [php7:warn] [pid 1282] [client 66.249.64.144:40252] PHP Warning:  session_start(): Failed to read session data: user (path: /var/lib/php/sessions) in /var/www/html/libraries/joomla/session/handler/native.php on line 260
[Sun Mar 17 00:14:46.901359 2019] [php7:warn] [pid 11337] [client 152.254.226.127:52269] PHP Warning:  session_start(): Failed to read session data: user (path: /var/lib/php/sessions) in /var/www/html/libraries/joomla/session/handler/native.php on line 260
[Sun Mar 17 00:50:16.531593 2019] [php7:warn] [pid 1028] [client 66.249.64.144:45904] PHP Warning:  session_start(): Failed to read session data: user (path: /var/lib/php/sessions) in /var/www/html/libraries/joomla/session/handler/native.php on line 260
[Sun Mar 17 00:59:33.554065 2019] [php7:warn] [pid 11338] [client 161.132.177.9:37151] PHP Warning:  session_start(): Failed to read session data: user (path: /var/lib/php/sessions) in /var/www/html/libraries/joomla/session/handler/native.php on line 260
[Sun Mar 17 02:06:03.497908 2019] [php7:warn] [pid 1028] [client 66.249.64.144:56362] PHP Warning:  session_start(): Failed to read session data: user (path: /var/lib/php/sessions) in /var/www/html/libraries/joomla/session/handler/native.php on line 260
[Sun Mar 17 03:21:50.530174 2019] [php7:warn] [pid 11336] [client 66.249.64.148:38611] PHP Warning:  session_start(): Failed to read session data: user (path: /var/lib/php/sessions) in /var/www/html/libraries/joomla/session/handler/native.php on line 260
[Sun Mar 17 03:43:28.249137 2019] [php7:warn] [pid 11338] [client 177.86.127.246:59823] PHP Warning:  session_start(): Failed to read session data: user (path: /var/lib/php/sessions) in /var/www/html/libraries/joomla/session/handler/native.php on line 260
[Sun Mar 17 04:11:53.824988 2019] [php7:warn] [pid 11336] [client 187.198.130.201:64554] PHP Warning:  session_start(): Failed to read session data: user (path: /var/lib/php/sessions) in /var/www/html/shine/libraries/joomla/session/handler/native.php on line 260
[Sun Mar 17 04:12:03.131902 2019] [php7:warn] [pid 1029] [client 187.198.130.201:64556] PHP Warning:  session_start(): Failed to read session data: user (path: /var/lib/php/sessions) in /var/www/html/libraries/joomla/session/handler/native.php on line 260
[Sun Mar 17 04:37:37.493555 2019] [php7:warn] [pid 1031] [client 66.249.64.146:47655] PHP Warning:  session_start(): Failed to read session data: user (path: /var/lib/php/sessions) in /var/www/html/libraries/joomla/session/handler/native.php on line 260
[Sun Mar 17 04:45:36.600046 2019] [php7:error] [pid 11337] [client 95.213.177.123:36590] script '/var/www/html/azenv.php' not found or unable to stat, referer: https://proxyradar.com/
[Sun Mar 17 05:30:33.776093 2019] [php7:warn] [pid 8062] [client 66.249.64.146:37765] PHP Warning:  session_start(): Failed to read session data: user (path: /var/lib/php/sessions) in /var/www/html/libraries/joomla/session/handler/native.php on line 260
[Sun Mar 17 05:40:03.007671 2019] [php7:error] [pid 8062] [client 198.167.223.52:60816] script '/var/www/html/acadmin.php' not found or unable to stat
[Sun Mar 17 05:53:24.494423 2019] [php7:warn] [pid 11337] [client 66.249.64.144:62507] PHP Warning:  session_start(): Failed to read session data: user (path: /var/lib/php/sessions) in /var/www/html/libraries/joomla/session/handler/native.php on line 260
[Sun Mar 17 05:56:56.217011 2019] [php7:warn] [pid 1033] [client 60.191.38.77:16534] PHP Warning:  session_start(): Failed to read session data: user (path: /var/lib/php/sessions) in /var/www/html/libraries/joomla/session/handler/native.php on line 260
[Sun Mar 17 05:59:17.345668 2019] [php7:warn] [pid 1031] [client 58.136.93.59:41313] PHP Warning:  session_start(): Failed to read session data: user (path: /var/lib/php/sessions) in /var/www/html/libraries/joomla/session/handler/native.php on line 260
[Sun Mar 17 06:35:27.714946 2019] [php7:warn] [pid 11338] [client 178.253.46.96:58120] PHP Warning:  session_start(): Failed to read session data: user (path: /var/lib/php/sessions) in /var/www/html/libraries/joomla/session/handler/native.php on line 260
[Sun Mar 17 07:09:11.497156 2019] [php7:warn] [pid 1028] [client 66.249.64.148:58969] PHP Warning:  session_start(): Failed to read session data: user (path: /var/lib/php/sessions) in /var/www/html/libraries/joomla/session/handler/native.php on line 260
[Sun Mar 17 07:09:28.951952 2019] [php7:warn] [pid 1032] [client 122.148.12.236:42081] PHP Warning:  session_start(): Failed to read session data: user (path: /var/lib/php/sessions) in /var/www/html/libraries/joomla/session/handler/native.php on line 260
[Sun Mar 17 08:24:58.571102 2019] [php7:warn] [pid 11338] [client 66.249.64.105:63459] PHP Warning:  session_start(): Failed to read session data: user (path: /var/lib/php/sessions) in /var/www/html/libraries/joomla/session/handler/native.php on line 260
[Sun Mar 17 09:40:45.527972 2019] [php7:warn] [pid 11337] [client 66.249.64.148:59944] PHP Warning:  session_start(): Failed to read session data: user (path: /var/lib/php/sessions) in /var/www/html/libraries/joomla/session/handler/native.php on line 260
[Sun Mar 17 10:19:35.667103 2019] [php7:warn] [pid 11336] [client 217.29.106.8:38106] PHP Warning:  session_start(): Failed to read session data: user (path: /var/lib/php/sessions) in /var/www/html/libraries/joomla/session/handler/native.php on line 260
[Sun Mar 17 10:52:53.647875 2019] [php7:warn] [pid 11338] [client 66.249.64.103:40269] PHP Warning:  session_start(): Failed to read session data: user (path: /var/lib/php/sessions) in /var/www/html/libraries/joomla/session/handler/native.php on line 260
[Sun Mar 17 10:56:32.550197 2019] [php7:warn] [pid 8062] [client 66.249.64.146:47813] PHP Warning:  session_start(): Failed to read session data: user (path: /var/lib/php/sessions) in /var/www/html/libraries/joomla/session/handler/native.php on line 260
[Sun Mar 17 12:01:13.064472 2019] [php7:warn] [pid 1029] [client 187.101.244.237:34772] PHP Warning:  session_start(): Failed to read session data: user (path: /var/lib/php/sessions) in /var/www/html/libraries/joomla/session/handler/native.php on line 260
[Sun Mar 17 12:05:06.655273 2019] [php7:warn] [pid 1031] [client 138.117.7.250:39809] PHP Warning:  session_start(): Failed to read session data: user (path: /var/lib/php/sessions) in /var/www/html/libraries/joomla/session/handler/native.php on line 260
[Sun Mar 17 12:12:19.497168 2019] [php7:warn] [pid 11338] [client 66.249.64.144:37003] PHP Warning:  session_start(): Failed to read session data: user (path: /var/lib/php/sessions) in /var/www/html/libraries/joomla/session/handler/native.php on line 260
[Sun Mar 17 12:23:28.665206 2019] [php7:warn] [pid 1282] [client 66.249.64.103:40979] PHP Warning:  session_start(): Failed to read session data: user (path: /var/lib/php/sessions) in /var/www/html/libraries/joomla/session/handler/native.php on line 260
[Sun Mar 17 13:28:06.532293 2019] [php7:warn] [pid 11336] [client 66.249.64.144:46028] PHP Warning:  session_start(): Failed to read session data: user (path: /var/lib/php/sessions) in /var/www/html/libraries/joomla/session/handler/native.php on line 260
[Sun Mar 17 13:47:52.446837 2019] [php7:warn] [pid 1028] [client 168.197.114.17:48011] PHP Warning:  session_start(): Failed to read session data: user (path: /var/lib/php/sessions) in /var/www/html/libraries/joomla/session/handler/native.php on line 260
[Sun Mar 17 14:02:37.859222 2019] [php7:warn] [pid 11337] [client 188.190.221.5:57021] PHP Warning:  session_start(): Failed to read session data: user (path: /var/lib/php/sessions) in /var/www/html/libraries/joomla/session/handler/native.php on line 260
[Sun Mar 17 14:11:09.422867 2019] [php7:error] [pid 8062] [client 95.213.177.126:51913] script '/var/www/html/azenv.php' not found or unable to stat, referer: https://proxyradar.com/
[Sun Mar 17 14:43:53.577456 2019] [php7:warn] [pid 1029] [client 66.249.64.146:48587] PHP Warning:  session_start(): Failed to read session data: user (path: /var/lib/php/sessions) in /var/www/html/libraries/joomla/session/handler/native.php on line 260
[Sun Mar 17 15:05:15.742312 2019] [php7:warn] [pid 1033] [client 23.94.17.184:56680] PHP Warning:  session_start(): Failed to read session data: user (path: /var/lib/php/sessions) in /var/www/html/libraries/joomla/session/handler/native.php on line 260
[Sun Mar 17 15:27:20.609197 2019] [php7:warn] [pid 11338] [client 177.45.41.163:56433] PHP Warning:  session_start(): Failed to read session data: user (path: /var/lib/php/sessions) in /var/www/html/libraries/joomla/session/handler/native.php on line 260
