[Mon Mar 11 15:10:19.319306 2019] [php7:error] [pid 4789] [client 156.238.111.177:46671] script '/var/www/html/MCLi.php' not found or unable to stat
[Mon Mar 11 15:10:19.515720 2019] [php7:error] [pid 4789] [client 156.238.111.177:46671] script '/var/www/html/MCLi.php' not found or unable to stat
[Mon Mar 11 15:10:19.716466 2019] [php7:error] [pid 4789] [client 156.238.111.177:46671] script '/var/www/html/coon.php' not found or unable to stat
[Mon Mar 11 15:10:19.995347 2019] [php7:error] [pid 4789] [client 156.238.111.177:46671] script '/var/www/html/1.php' not found or unable to stat
[Mon Mar 11 15:10:21.397488 2019] [php7:error] [pid 4789] [client 156.238.111.177:46671] script '/var/www/html/d.php' not found or unable to stat
[Mon Mar 11 15:10:21.622343 2019] [php7:error] [pid 4789] [client 156.238.111.177:46671] script '/var/www/html/zxc1.php' not found or unable to stat
[Mon Mar 11 15:10:21.903414 2019] [php7:error] [pid 4789] [client 156.238.111.177:46671] script '/var/www/html/zxc0.php' not found or unable to stat
[Mon Mar 11 15:10:22.167699 2019] [php7:error] [pid 4789] [client 156.238.111.177:46671] script '/var/www/html/zxc1.php' not found or unable to stat
[Mon Mar 11 15:10:22.391540 2019] [php7:error] [pid 4789] [client 156.238.111.177:46671] script '/var/www/html/zxc2.php' not found or unable to stat
[Mon Mar 11 15:10:22.592192 2019] [php7:error] [pid 4789] [client 156.238.111.177:46671] script '/var/www/html/indexa.php' not found or unable to stat
[Mon Mar 11 15:10:22.823188 2019] [php7:error] [pid 4789] [client 156.238.111.177:46671] script '/var/www/html/lx.php' not found or unable to stat
[Mon Mar 11 15:10:23.085491 2019] [php7:error] [pid 4789] [client 156.238.111.177:46671] script '/var/www/html/cn.php' not found or unable to stat
[Mon Mar 11 15:10:23.284668 2019] [php7:error] [pid 4789] [client 156.238.111.177:46671] script '/var/www/html/api.php' not found or unable to stat
[Mon Mar 11 15:10:23.484148 2019] [php7:error] [pid 4789] [client 156.238.111.177:46671] script '/var/www/html/index1.php' not found or unable to stat
[Mon Mar 11 15:10:23.898677 2019] [php7:error] [pid 4792] [client 156.238.111.177:51481] script '/var/www/html/info.php' not found or unable to stat
[Mon Mar 11 15:10:24.110007 2019] [php7:error] [pid 4792] [client 156.238.111.177:51481] script '/var/www/html/info1.php' not found or unable to stat
[Mon Mar 11 15:10:24.324384 2019] [php7:error] [pid 4792] [client 156.238.111.177:51481] script '/var/www/html/aaaaaa1.php' not found or unable to stat
[Mon Mar 11 15:10:24.533457 2019] [php7:error] [pid 4792] [client 156.238.111.177:51481] script '/var/www/html/up.php' not found or unable to stat
[Mon Mar 11 15:10:24.743737 2019] [php7:error] [pid 4792] [client 156.238.111.177:51481] script '/var/www/html/test123.php' not found or unable to stat
[Mon Mar 11 15:10:24.973687 2019] [php7:error] [pid 4792] [client 156.238.111.177:51481] script '/var/www/html/test123.php' not found or unable to stat
[Mon Mar 11 15:10:25.244113 2019] [php7:error] [pid 4792] [client 156.238.111.177:51481] script '/var/www/html/fb.php' not found or unable to stat
[Mon Mar 11 15:10:25.541288 2019] [php7:error] [pid 4792] [client 156.238.111.177:51481] script '/var/www/html/paylog.php' not found or unable to stat
[Mon Mar 11 15:10:25.792888 2019] [php7:error] [pid 4792] [client 156.238.111.177:51481] script '/var/www/html/paylog.php' not found or unable to stat
[Mon Mar 11 15:10:26.007580 2019] [php7:error] [pid 4792] [client 156.238.111.177:51481] script '/var/www/html/x.php' not found or unable to stat
[Mon Mar 11 15:10:26.238362 2019] [php7:error] [pid 4792] [client 156.238.111.177:51481] script '/var/www/html/cnm.php' not found or unable to stat
[Mon Mar 11 15:10:26.492639 2019] [php7:error] [pid 4792] [client 156.238.111.177:51481] script '/var/www/html/1ndex.php' not found or unable to stat
[Mon Mar 11 15:10:26.711164 2019] [php7:error] [pid 4792] [client 156.238.111.177:51481] script '/var/www/html/51.php' not found or unable to stat
[Mon Mar 11 15:10:26.985818 2019] [php7:error] [pid 4792] [client 156.238.111.177:51481] script '/var/www/html/cadre.php' not found or unable to stat
[Mon Mar 11 15:10:27.226141 2019] [php7:error] [pid 4792] [client 156.238.111.177:51481] script '/var/www/html/mm.php' not found or unable to stat
[Mon Mar 11 15:10:27.437340 2019] [php7:error] [pid 4792] [client 156.238.111.177:51481] script '/var/www/html/test.php' not found or unable to stat
[Mon Mar 11 15:10:27.649287 2019] [php7:error] [pid 4792] [client 156.238.111.177:51481] script '/var/www/html/1q.php' not found or unable to stat
[Mon Mar 11 15:10:27.860482 2019] [php7:error] [pid 4792] [client 156.238.111.177:51481] script '/var/www/html/1111.php' not found or unable to stat
[Mon Mar 11 15:10:28.079263 2019] [php7:error] [pid 4792] [client 156.238.111.177:51481] script '/var/www/html/errors.php' not found or unable to stat
[Mon Mar 11 15:10:28.290649 2019] [php7:error] [pid 4792] [client 156.238.111.177:51481] script '/var/www/html/q.php' not found or unable to stat
[Mon Mar 11 15:10:28.508966 2019] [php7:error] [pid 4792] [client 156.238.111.177:51481] script '/var/www/html/lanyecn.php' not found or unable to stat
[Mon Mar 11 15:10:28.719676 2019] [php7:error] [pid 4792] [client 156.238.111.177:51481] script '/var/www/html/mybestloves.php' not found or unable to stat
[Mon Mar 11 15:10:28.935313 2019] [php7:warn] [pid 4792] [client 156.238.111.177:51481] PHP Warning:  session_start(): Failed to read session data: user (path: /var/lib/php/sessions) in /var/www/html/libraries/joomla/session/handler/native.php on line 260
[Mon Mar 11 15:49:39.880186 2019] [php7:warn] [pid 4948] [client 189.204.231.186:34992] PHP Warning:  session_start(): Failed to read session data: user (path: /var/lib/php/sessions) in /var/www/html/libraries/joomla/session/handler/native.php on line 260
[Mon Mar 11 15:49:44.222181 2019] [php7:warn] [pid 4793] [client 189.204.231.186:34994] PHP Warning:  session_start(): Failed to read session data: user (path: /var/lib/php/sessions) in /var/www/html/libraries/joomla/session/handler/native.php on line 260
[Mon Mar 11 15:49:47.916174 2019] [php7:warn] [pid 9468] [client 189.204.231.186:26709] PHP Warning:  session_start(): Failed to read session data: user (path: /var/lib/php/sessions) in /var/www/html/shine/libraries/joomla/session/handler/native.php on line 260
[Mon Mar 11 15:49:50.176349 2019] [php7:warn] [pid 4789] [client 189.204.231.186:26726] PHP Warning:  session_start(): Failed to read session data: user (path: /var/lib/php/sessions) in /var/www/html/libraries/joomla/session/handler/native.php on line 260
[Mon Mar 11 15:53:14.175075 2019] [mpm_prefork:notice] [pid 984] AH00169: caught SIGTERM, shutting down
[Mon Mar 11 15:54:00.380749 2019] [mpm_prefork:notice] [pid 994] AH00163: Apache/2.4.29 (Ubuntu) configured -- resuming normal operations
[Mon Mar 11 15:54:00.433517 2019] [core:notice] [pid 994] AH00094: Command line: '/usr/sbin/apache2'
[Mon Mar 11 16:00:51.625612 2019] [php7:warn] [pid 1032] [client 66.249.66.156:55748] PHP Warning:  session_start(): Failed to read session data: user (path: /var/lib/php/sessions) in /var/www/html/libraries/joomla/session/handler/native.php on line 260
[Mon Mar 11 16:07:08.987208 2019] [php7:warn] [pid 1033] [client 105.224.220.21:41890] PHP Warning:  session_start(): Failed to read session data: user (path: /var/lib/php/sessions) in /var/www/html/libraries/joomla/session/handler/native.php on line 260
[Mon Mar 11 16:15:50.714755 2019] [php7:error] [pid 1029] [client 95.213.177.126:44772] script '/var/www/html/azenv.php' not found or unable to stat, referer: https://proxyradar.com/
[Mon Mar 11 17:37:35.221994 2019] [php7:warn] [pid 1029] [client 60.191.52.254:34079] PHP Warning:  session_start(): Failed to read session data: user (path: /var/lib/php/sessions) in /var/www/html/libraries/joomla/session/handler/native.php on line 260
[Mon Mar 11 18:02:03.377981 2019] [php7:warn] [pid 1031] [client 200.232.224.68:43924] PHP Warning:  session_start(): Failed to read session data: user (path: /var/lib/php/sessions) in /var/www/html/libraries/joomla/session/handler/native.php on line 260
[Mon Mar 11 18:12:42.120259 2019] [php7:warn] [pid 1031] [client 66.249.66.154:56052] PHP Warning:  session_start(): Failed to read session data: user (path: /var/lib/php/sessions) in /var/www/html/libraries/joomla/session/handler/native.php on line 260
[Mon Mar 11 18:16:13.559394 2019] [php7:warn] [pid 1031] [client 119.3.26.207:59375] PHP Warning:  session_start(): Failed to read session data: user (path: /var/lib/php/sessions) in /var/www/html/libraries/joomla/session/handler/native.php on line 260
[Mon Mar 11 18:35:54.029930 2019] [php7:notice] [pid 1029] [client 46.255.243.40:60083] PHP Notice:  Undefined index: HTTP_HOST in /var/www/html/libraries/src/Application/WebApplication.php on line 992
[Mon Mar 11 18:35:54.031697 2019] [php7:warn] [pid 1029] [client 46.255.243.40:60083] PHP Warning:  session_start(): Failed to read session data: user (path: /var/lib/php/sessions) in /var/www/html/libraries/joomla/session/handler/native.php on line 260
[Mon Mar 11 18:47:04.496629 2019] [php7:warn] [pid 1028] [client 119.3.26.207:56553] PHP Warning:  session_start(): Failed to read session data: user (path: /var/lib/php/sessions) in /var/www/html/libraries/joomla/session/handler/native.php on line 260
[Mon Mar 11 19:07:14.553352 2019] [php7:notice] [pid 1031] [client 189.126.190.96:37248] PHP Notice:  Undefined index: HTTP_HOST in /var/www/html/libraries/src/Application/WebApplication.php on line 992
[Mon Mar 11 19:07:14.555501 2019] [php7:warn] [pid 1031] [client 189.126.190.96:37248] PHP Warning:  session_start(): Failed to read session data: user (path: /var/lib/php/sessions) in /var/www/html/libraries/joomla/session/handler/native.php on line 260
[Mon Mar 11 19:28:28.513236 2019] [php7:warn] [pid 1282] [client 66.249.66.156:42851] PHP Warning:  session_start(): Failed to read session data: user (path: /var/lib/php/sessions) in /var/www/html/libraries/joomla/session/handler/native.php on line 260
[Mon Mar 11 19:46:21.977494 2019] [php7:notice] [pid 1028] [client 69.163.152.106:32984] PHP Notice:  Undefined index: HTTP_HOST in /var/www/html/libraries/src/Application/WebApplication.php on line 992
[Mon Mar 11 19:46:21.979463 2019] [php7:warn] [pid 1028] [client 69.163.152.106:32984] PHP Warning:  session_start(): Failed to read session data: user (path: /var/lib/php/sessions) in /var/www/html/libraries/joomla/session/handler/native.php on line 260
[Mon Mar 11 19:55:34.120211 2019] [php7:warn] [pid 1029] [client 150.129.108.110:47868] PHP Warning:  session_start(): Failed to read session data: user (path: /var/lib/php/sessions) in /var/www/html/libraries/joomla/session/handler/native.php on line 260
[Mon Mar 11 20:44:15.540113 2019] [php7:warn] [pid 1032] [client 66.249.66.154:42922] PHP Warning:  session_start(): Failed to read session data: user (path: /var/lib/php/sessions) in /var/www/html/libraries/joomla/session/handler/native.php on line 260
[Mon Mar 11 21:06:00.598965 2019] [php7:error] [pid 1029] [client 95.213.177.123:8592] script '/var/www/html/azenv.php' not found or unable to stat, referer: https://proxyradar.com/
[Mon Mar 11 21:29:50.522877 2019] [php7:notice] [pid 1029] [client 82.76.216.163:45051] PHP Notice:  Undefined index: HTTP_HOST in /var/www/html/libraries/src/Application/WebApplication.php on line 992
[Mon Mar 11 21:29:50.525603 2019] [php7:warn] [pid 1029] [client 82.76.216.163:45051] PHP Warning:  session_start(): Failed to read session data: user (path: /var/lib/php/sessions) in /var/www/html/libraries/joomla/session/handler/native.php on line 260
[Mon Mar 11 22:00:02.487913 2019] [php7:warn] [pid 1033] [client 66.249.66.157:56335] PHP Warning:  session_start(): Failed to read session data: user (path: /var/lib/php/sessions) in /var/www/html/libraries/joomla/session/handler/native.php on line 260
[Mon Mar 11 22:13:03.670664 2019] [php7:warn] [pid 1282] [client 139.224.18.42:18806] PHP Warning:  session_start(): Failed to read session data: user (path: /var/lib/php/sessions) in /var/www/html/libraries/joomla/session/handler/native.php on line 260
[Mon Mar 11 23:15:49.441007 2019] [php7:warn] [pid 1031] [client 66.249.66.157:50560] PHP Warning:  session_start(): Failed to read session data: user (path: /var/lib/php/sessions) in /var/www/html/libraries/joomla/session/handler/native.php on line 260
[Mon Mar 11 23:40:25.599158 2019] [php7:notice] [pid 1028] [client 196.52.43.97:53011] PHP Notice:  Undefined index: HTTP_HOST in /var/www/html/libraries/src/Application/WebApplication.php on line 992
[Mon Mar 11 23:40:25.601657 2019] [php7:warn] [pid 1028] [client 196.52.43.97:53011] PHP Warning:  session_start(): Failed to read session data: user (path: /var/lib/php/sessions) in /var/www/html/libraries/joomla/session/handler/native.php on line 260
[Mon Mar 11 23:49:37.458333 2019] [php7:warn] [pid 1029] [client 177.76.113.165:47382] PHP Warning:  session_start(): Failed to read session data: user (path: /var/lib/php/sessions) in /var/www/html/libraries/joomla/session/handler/native.php on line 260
[Tue Mar 12 00:21:11.373393 2019] [php7:warn] [pid 1033] [client 171.13.14.62:63329] PHP Warning:  session_start(): Failed to read session data: user (path: /var/lib/php/sessions) in /var/www/html/libraries/joomla/session/handler/native.php on line 260
[Tue Mar 12 00:31:36.526038 2019] [php7:warn] [pid 1032] [client 66.249.66.156:41044] PHP Warning:  session_start(): Failed to read session data: user (path: /var/lib/php/sessions) in /var/www/html/libraries/joomla/session/handler/native.php on line 260
[Tue Mar 12 01:35:17.064304 2019] [php7:warn] [pid 1028] [client 45.71.230.23:39886] PHP Warning:  session_start(): Failed to read session data: user (path: /var/lib/php/sessions) in /var/www/html/libraries/joomla/session/handler/native.php on line 260
[Tue Mar 12 01:43:02.458610 2019] [php7:warn] [pid 1031] [client 163.47.149.218:33857] PHP Warning:  session_start(): Failed to read session data: user (path: /var/lib/php/sessions) in /var/www/html/libraries/joomla/session/handler/native.php on line 260
[Tue Mar 12 01:47:23.534024 2019] [php7:warn] [pid 1033] [client 66.249.66.156:62710] PHP Warning:  session_start(): Failed to read session data: user (path: /var/lib/php/sessions) in /var/www/html/libraries/joomla/session/handler/native.php on line 260
[Tue Mar 12 01:47:45.077756 2019] [php7:error] [pid 1031] [client 95.213.177.126:32373] script '/var/www/html/azenv.php' not found or unable to stat, referer: https://proxyradar.com/
[Tue Mar 12 01:57:41.075682 2019] [php7:warn] [pid 1282] [client 60.191.38.77:24210] PHP Warning:  session_start(): Failed to read session data: user (path: /var/lib/php/sessions) in /var/www/html/libraries/joomla/session/handler/native.php on line 260
[Tue Mar 12 01:57:41.110441 2019] [php7:warn] [pid 1029] [client 60.191.38.77:24212] PHP Warning:  session_start(): Failed to read session data: user (path: /var/lib/php/sessions) in /var/www/html/libraries/joomla/session/handler/native.php on line 260
[Tue Mar 12 02:25:57.298536 2019] [php7:warn] [pid 1032] [client 60.191.38.77:50253] PHP Warning:  session_start(): Failed to read session data: user (path: /var/lib/php/sessions) in /var/www/html/libraries/joomla/session/handler/native.php on line 260
[Tue Mar 12 02:25:57.309251 2019] [php7:warn] [pid 8062] [client 60.191.38.77:50249] PHP Warning:  session_start(): Failed to read session data: user (path: /var/lib/php/sessions) in /var/www/html/libraries/joomla/session/handler/native.php on line 260
[Tue Mar 12 02:26:00.096860 2019] [php7:warn] [pid 1282] [client 60.191.38.77:50247] PHP Warning:  session_start(): Failed to read session data: user (path: /var/lib/php/sessions) in /var/www/html/libraries/joomla/session/handler/native.php on line 260
[Tue Mar 12 02:26:00.104925 2019] [php7:warn] [pid 1029] [client 60.191.38.77:50251] PHP Warning:  session_start(): Failed to read session data: user (path: /var/lib/php/sessions) in /var/www/html/libraries/joomla/session/handler/native.php on line 260
[Tue Mar 12 03:03:10.524322 2019] [php7:warn] [pid 1031] [client 66.249.66.154:48833] PHP Warning:  session_start(): Failed to read session data: user (path: /var/lib/php/sessions) in /var/www/html/libraries/joomla/session/handler/native.php on line 260
[Tue Mar 12 03:05:41.397913 2019] [php7:warn] [pid 8062] [client 54.36.150.185:30746] PHP Warning:  session_start(): Failed to read session data: user (path: /var/lib/php/sessions) in /var/www/html/libraries/joomla/session/handler/native.php on line 260
[Tue Mar 12 03:28:14.482983 2019] [php7:warn] [pid 1029] [client 80.82.77.33:33784] PHP Warning:  session_start(): Failed to read session data: user (path: /var/lib/php/sessions) in /var/www/html/libraries/joomla/session/handler/native.php on line 260
[Tue Mar 12 03:46:48.980111 2019] [php7:warn] [pid 1033] [client 66.249.66.67:61749] PHP Warning:  session_start(): Failed to read session data: user (path: /var/lib/php/sessions) in /var/www/html/libraries/joomla/session/handler/native.php on line 260
[Tue Mar 12 03:56:51.369802 2019] [php7:warn] [pid 8062] [client 91.218.175.14:47870] PHP Warning:  session_start(): Failed to read session data: user (path: /var/lib/php/sessions) in /var/www/html/libraries/joomla/session/handler/native.php on line 260
[Tue Mar 12 04:03:42.062904 2019] [php7:warn] [pid 1282] [client 54.36.149.48:44818] PHP Warning:  session_start(): Failed to read session data: user (path: /var/lib/php/sessions) in /var/www/html/libraries/joomla/session/handler/native.php on line 260
[Tue Mar 12 04:18:57.567613 2019] [php7:warn] [pid 1031] [client 66.249.66.154:39828] PHP Warning:  session_start(): Failed to read session data: user (path: /var/lib/php/sessions) in /var/www/html/libraries/joomla/session/handler/native.php on line 260
[Tue Mar 12 04:30:53.580851 2019] [php7:error] [pid 1033] [client 138.197.199.81:37946] script '/var/www/html/b6e200ca9f415b3ca5af09aa54d95301.php' not found or unable to stat
[Tue Mar 12 05:34:44.525087 2019] [php7:warn] [pid 1028] [client 66.249.66.157:36535] PHP Warning:  session_start(): Failed to read session data: user (path: /var/lib/php/sessions) in /var/www/html/libraries/joomla/session/handler/native.php on line 260
[Tue Mar 12 06:28:49.067648 2019] [php7:error] [pid 1029] [client 95.213.177.124:20572] script '/var/www/html/azenv.php' not found or unable to stat, referer: https://proxyradar.com/
[Tue Mar 12 06:50:31.489712 2019] [php7:warn] [pid 1028] [client 66.249.66.154:55862] PHP Warning:  session_start(): Failed to read session data: user (path: /var/lib/php/sessions) in /var/www/html/libraries/joomla/session/handler/native.php on line 260
[Tue Mar 12 06:53:42.978510 2019] [php7:warn] [pid 1033] [client 60.191.38.77:51506] PHP Warning:  session_start(): Failed to read session data: user (path: /var/lib/php/sessions) in /var/www/html/libraries/joomla/session/handler/native.php on line 260
[Tue Mar 12 06:53:43.890846 2019] [php7:warn] [pid 1031] [client 60.191.38.77:51500] PHP Warning:  session_start(): Failed to read session data: user (path: /var/lib/php/sessions) in /var/www/html/libraries/joomla/session/handler/native.php on line 260
[Tue Mar 12 06:53:44.503985 2019] [php7:warn] [pid 1028] [client 60.191.38.77:51510] PHP Warning:  session_start(): Failed to read session data: user (path: /var/lib/php/sessions) in /var/www/html/libraries/joomla/session/handler/native.php on line 260
[Tue Mar 12 06:53:45.054387 2019] [php7:warn] [pid 1029] [client 60.191.38.77:51512] PHP Warning:  session_start(): Failed to read session data: user (path: /var/lib/php/sessions) in /var/www/html/libraries/joomla/session/handler/native.php on line 260
[Tue Mar 12 06:53:45.453958 2019] [php7:warn] [pid 1032] [client 60.191.38.77:51508] PHP Warning:  session_start(): Failed to read session data: user (path: /var/lib/php/sessions) in /var/www/html/libraries/joomla/session/handler/native.php on line 260
[Tue Mar 12 06:53:45.950142 2019] [php7:warn] [pid 8062] [client 60.191.38.77:51504] PHP Warning:  session_start(): Failed to read session data: user (path: /var/lib/php/sessions) in /var/www/html/libraries/joomla/session/handler/native.php on line 260
[Tue Mar 12 06:53:46.476819 2019] [php7:warn] [pid 1282] [client 60.191.38.77:51502] PHP Warning:  session_start(): Failed to read session data: user (path: /var/lib/php/sessions) in /var/www/html/libraries/joomla/session/handler/native.php on line 260
[Tue Mar 12 07:26:32.500847 2019] [php7:warn] [pid 1031] [client 62.4.14.198:36345] PHP Warning:  session_start(): Failed to read session data: user (path: /var/lib/php/sessions) in /var/www/html/libraries/joomla/session/handler/native.php on line 260
[Tue Mar 12 07:56:30.792539 2019] [php7:warn] [pid 1029] [client 195.13.190.224:36577] PHP Warning:  session_start(): Failed to read session data: user (path: /var/lib/php/sessions) in /var/www/html/libraries/joomla/session/handler/native.php on line 260
[Tue Mar 12 08:06:18.526343 2019] [php7:warn] [pid 8062] [client 66.249.66.154:54393] PHP Warning:  session_start(): Failed to read session data: user (path: /var/lib/php/sessions) in /var/www/html/libraries/joomla/session/handler/native.php on line 260
[Tue Mar 12 09:08:15.487046 2019] [php7:warn] [pid 11337] [client 66.249.66.156:65202] PHP Warning:  session_start(): Failed to read session data: user (path: /var/lib/php/sessions) in /var/www/html/libraries/joomla/session/handler/native.php on line 260
[Tue Mar 12 09:22:05.443373 2019] [php7:warn] [pid 1032] [client 66.249.66.157:59193] PHP Warning:  session_start(): Failed to read session data: user (path: /var/lib/php/sessions) in /var/www/html/libraries/joomla/session/handler/native.php on line 260
[Tue Mar 12 09:30:49.776186 2019] [php7:error] [pid 11336] [client 51.255.45.209:46474] script '/var/www/html/b6e200ca9f415b3ca5af09aa54d95301.php' not found or unable to stat
[Tue Mar 12 09:37:52.260524 2019] [php7:warn] [pid 1031] [client 198.89.127.239:59467] PHP Warning:  session_start(): Failed to read session data: user (path: /var/lib/php/sessions) in /var/www/html/libraries/joomla/session/handler/native.php on line 260
[Tue Mar 12 10:37:52.496504 2019] [php7:warn] [pid 11338] [client 66.249.66.157:57441] PHP Warning:  session_start(): Failed to read session data: user (path: /var/lib/php/sessions) in /var/www/html/libraries/joomla/session/handler/native.php on line 260
[Tue Mar 12 11:04:02.895302 2019] [php7:notice] [pid 1282] [client 69.163.152.111:44786] PHP Notice:  Undefined index: HTTP_HOST in /var/www/html/libraries/src/Application/WebApplication.php on line 992
[Tue Mar 12 11:04:02.897260 2019] [php7:warn] [pid 1282] [client 69.163.152.111:44786] PHP Warning:  session_start(): Failed to read session data: user (path: /var/lib/php/sessions) in /var/www/html/libraries/joomla/session/handler/native.php on line 260
[Tue Mar 12 11:16:39.352867 2019] [php7:error] [pid 11338] [client 95.213.177.126:28124] script '/var/www/html/azenv.php' not found or unable to stat, referer: https://proxyradar.com/
[Tue Mar 12 11:53:39.484953 2019] [php7:warn] [pid 1031] [client 66.249.66.156:48386] PHP Warning:  session_start(): Failed to read session data: user (path: /var/lib/php/sessions) in /var/www/html/libraries/joomla/session/handler/native.php on line 260
[Tue Mar 12 12:00:11.557716 2019] [php7:error] [pid 1029] [client 51.255.45.209:58190] script '/var/www/html/b6e200ca9f415b3ca5af09aa54d95301.php' not found or unable to stat
[Tue Mar 12 12:36:29.964381 2019] [php7:error] [pid 11338] [client 51.255.45.209:36278] script '/var/www/html/b6e200ca9f415b3ca5af09aa54d95301.php' not found or unable to stat
[Tue Mar 12 13:09:26.536299 2019] [php7:warn] [pid 8062] [client 66.249.66.154:44087] PHP Warning:  session_start(): Failed to read session data: user (path: /var/lib/php/sessions) in /var/www/html/libraries/joomla/session/handler/native.php on line 260
[Tue Mar 12 13:29:08.218884 2019] [php7:warn] [pid 8062] [client 66.249.66.69:53965] PHP Warning:  session_start(): Failed to read session data: user (path: /var/lib/php/sessions) in /var/www/html/libraries/joomla/session/handler/native.php on line 260
[Tue Mar 12 14:28:20.476106 2019] [php7:warn] [pid 1031] [client 66.249.66.132:59943] PHP Warning:  session_start(): Failed to read session data: user (path: /var/lib/php/sessions) in /var/www/html/libraries/joomla/session/handler/native.php on line 260
[Tue Mar 12 14:47:30.777915 2019] [php7:warn] [pid 1033] [client 40.70.213.111:5440] PHP Warning:  session_start(): Failed to read session data: user (path: /var/lib/php/sessions) in /var/www/html/libraries/joomla/session/handler/native.php on line 260
[Tue Mar 12 15:29:27.746504 2019] [php7:warn] [pid 11338] [client 66.249.66.71:57911] PHP Warning:  session_start(): Failed to read session data: user (path: /var/lib/php/sessions) in /var/www/html/libraries/joomla/session/handler/native.php on line 260
[Tue Mar 12 15:40:49.648820 2019] [php7:warn] [pid 8062] [client 66.249.66.156:41100] PHP Warning:  session_start(): Failed to read session data: user (path: /var/lib/php/sessions) in /var/www/html/libraries/joomla/session/handler/native.php on line 260
[Tue Mar 12 16:00:41.771234 2019] [php7:notice] [pid 8062] [client 123.18.72.100:55284] PHP Notice:  Undefined index: HTTP_HOST in /var/www/html/libraries/src/Application/WebApplication.php on line 992
[Tue Mar 12 16:00:41.773027 2019] [php7:warn] [pid 8062] [client 123.18.72.100:55284] PHP Warning:  session_start(): Failed to read session data: user (path: /var/lib/php/sessions) in /var/www/html/libraries/joomla/session/handler/native.php on line 260
[Tue Mar 12 16:01:36.072121 2019] [php7:error] [pid 1282] [client 95.213.177.126:25995] script '/var/www/html/azenv.php' not found or unable to stat, referer: https://proxyradar.com/
[Tue Mar 12 16:31:24.436222 2019] [php7:warn] [pid 11336] [client 187.74.102.109:45805] PHP Warning:  session_start(): Failed to read session data: user (path: /var/lib/php/sessions) in /var/www/html/libraries/joomla/session/handler/native.php on line 260
[Tue Mar 12 16:34:57.339766 2019] [php7:warn] [pid 1282] [client 138.121.128.6:45142] PHP Warning:  session_start(): Failed to read session data: user (path: /var/lib/php/sessions) in /var/www/html/libraries/joomla/session/handler/native.php on line 260
[Tue Mar 12 16:44:50.440255 2019] [php7:error] [pid 11338] [client 51.255.45.209:35244] script '/var/www/html/b6e200ca9f415b3ca5af09aa54d95301.php' not found or unable to stat
[Tue Mar 12 16:56:36.494506 2019] [php7:warn] [pid 11337] [client 66.249.66.156:37188] PHP Warning:  session_start(): Failed to read session data: user (path: /var/lib/php/sessions) in /var/www/html/libraries/joomla/session/handler/native.php on line 260
[Tue Mar 12 16:58:20.899709 2019] [php7:notice] [pid 1032] [client 52.166.189.5:49898] PHP Notice:  Undefined index: HTTP_HOST in /var/www/html/libraries/src/Application/WebApplication.php on line 992
[Tue Mar 12 16:58:20.901301 2019] [php7:warn] [pid 1032] [client 52.166.189.5:49898] PHP Warning:  session_start(): Failed to read session data: user (path: /var/lib/php/sessions) in /var/www/html/libraries/joomla/session/handler/native.php on line 260
[Tue Mar 12 18:12:23.488122 2019] [php7:warn] [pid 1032] [client 66.249.66.157:39543] PHP Warning:  session_start(): Failed to read session data: user (path: /var/lib/php/sessions) in /var/www/html/libraries/joomla/session/handler/native.php on line 260
[Tue Mar 12 18:20:37.728576 2019] [php7:warn] [pid 1032] [client 66.249.66.154:63312] PHP Warning:  session_start(): Failed to read session data: user (path: /var/lib/php/sessions) in /var/www/html/libraries/joomla/session/handler/native.php on line 260
[Tue Mar 12 18:22:30.723456 2019] [php7:warn] [pid 1028] [client 93.115.237.210:51651] PHP Warning:  session_start(): Failed to read session data: user (path: /var/lib/php/sessions) in /var/www/html/libraries/joomla/session/handler/native.php on line 260
[Tue Mar 12 19:01:15.081075 2019] [php7:notice] [pid 11336] [client 95.14.160.115:57463] PHP Notice:  Undefined index: HTTP_HOST in /var/www/html/libraries/src/Application/WebApplication.php on line 992
[Tue Mar 12 19:01:15.083477 2019] [php7:warn] [pid 11336] [client 95.14.160.115:57463] PHP Warning:  session_start(): Failed to read session data: user (path: /var/lib/php/sessions) in /var/www/html/libraries/joomla/session/handler/native.php on line 260
[Tue Mar 12 19:06:34.462581 2019] [php7:warn] [pid 1282] [client 54.36.150.90:27786] PHP Warning:  session_start(): Failed to read session data: user (path: /var/lib/php/sessions) in /var/www/html/libraries/joomla/session/handler/native.php on line 260
[Tue Mar 12 19:28:10.553485 2019] [php7:warn] [pid 1031] [client 66.249.66.156:42069] PHP Warning:  session_start(): Failed to read session data: user (path: /var/lib/php/sessions) in /var/www/html/libraries/joomla/session/handler/native.php on line 260
[Tue Mar 12 19:33:21.054391 2019] [php7:warn] [pid 11336] [client 95.70.188.162:51224] PHP Warning:  session_start(): Failed to read session data: user (path: /var/lib/php/sessions) in /var/www/html/libraries/joomla/session/handler/native.php on line 260
[Tue Mar 12 20:35:34.152081 2019] [php7:warn] [pid 11336] [client 122.114.166.44:20347] PHP Warning:  session_start(): Failed to read session data: user (path: /var/lib/php/sessions) in /var/www/html/libraries/joomla/session/handler/native.php on line 260
[Tue Mar 12 20:35:38.258237 2019] [php7:error] [pid 8062] [client 122.114.166.44:20769] script '/var/www/html/Appa7ee419f.php' not found or unable to stat
[Tue Mar 12 20:35:41.009958 2019] [php7:error] [pid 8062] [client 122.114.166.44:20769] script '/var/www/html/help.php' not found or unable to stat
[Tue Mar 12 20:35:41.513040 2019] [php7:error] [pid 8062] [client 122.114.166.44:20769] script '/var/www/html/java.php' not found or unable to stat
[Tue Mar 12 20:35:44.174708 2019] [php7:error] [pid 8062] [client 122.114.166.44:20769] script '/var/www/html/_query.php' not found or unable to stat
[Tue Mar 12 20:35:44.980596 2019] [php7:error] [pid 8062] [client 122.114.166.44:20769] script '/var/www/html/test.php' not found or unable to stat
[Tue Mar 12 20:35:46.732535 2019] [php7:error] [pid 8062] [client 122.114.166.44:20769] script '/var/www/html/db_cts.php' not found or unable to stat
[Tue Mar 12 20:35:51.417648 2019] [php7:error] [pid 8062] [client 122.114.166.44:20769] script '/var/www/html/db_pma.php' not found or unable to stat
[Tue Mar 12 20:35:52.632264 2019] [php7:error] [pid 8062] [client 122.114.166.44:20769] script '/var/www/html/logon.php' not found or unable to stat
[Tue Mar 12 20:35:53.218637 2019] [php7:error] [pid 8062] [client 122.114.166.44:20769] script '/var/www/html/help-e.php' not found or unable to stat
[Tue Mar 12 20:35:54.138844 2019] [php7:error] [pid 8062] [client 122.114.166.44:20769] script '/var/www/html/license.php' not found or unable to stat
[Tue Mar 12 20:35:54.884706 2019] [php7:error] [pid 8062] [client 122.114.166.44:20769] script '/var/www/html/log.php' not found or unable to stat
[Tue Mar 12 20:36:14.166898 2019] [php7:error] [pid 1033] [client 122.114.166.44:23926] script '/var/www/html/shell.php' not found or unable to stat
[Tue Mar 12 20:36:18.164293 2019] [php7:error] [pid 1033] [client 122.114.166.44:23926] script '/var/www/html/htdocs.php' not found or unable to stat
[Tue Mar 12 20:36:18.466200 2019] [php7:error] [pid 1033] [client 122.114.166.44:23926] script '/var/www/html/desktop.ini.php' not found or unable to stat
[Tue Mar 12 20:36:21.237401 2019] [php7:error] [pid 1033] [client 122.114.166.44:23926] script '/var/www/html/z.php' not found or unable to stat
[Tue Mar 12 20:36:27.122691 2019] [php7:error] [pid 1031] [client 122.114.166.44:25243] script '/var/www/html/lala.php' not found or unable to stat
[Tue Mar 12 20:36:31.591860 2019] [php7:error] [pid 1031] [client 122.114.166.44:25243] script '/var/www/html/lala-dpr.php' not found or unable to stat
[Tue Mar 12 20:36:32.529637 2019] [php7:error] [pid 1031] [client 122.114.166.44:25243] script '/var/www/html/wpc.php' not found or unable to stat
[Tue Mar 12 20:36:32.879130 2019] [php7:error] [pid 1031] [client 122.114.166.44:25243] script '/var/www/html/wpo.php' not found or unable to stat
[Tue Mar 12 20:36:33.412292 2019] [php7:error] [pid 1031] [client 122.114.166.44:25243] script '/var/www/html/t6nv.php' not found or unable to stat
[Tue Mar 12 20:36:34.137575 2019] [php7:error] [pid 1031] [client 122.114.166.44:25243] script '/var/www/html/muhstik.php' not found or unable to stat
[Tue Mar 12 20:36:35.059724 2019] [php7:error] [pid 1031] [client 122.114.166.44:25243] script '/var/www/html/text.php' not found or unable to stat
[Tue Mar 12 20:36:38.374631 2019] [php7:error] [pid 1031] [client 122.114.166.44:25243] script '/var/www/html/wp-config.php' not found or unable to stat
[Tue Mar 12 20:36:39.913142 2019] [php7:error] [pid 1031] [client 122.114.166.44:25243] script '/var/www/html/muhstik.php' not found or unable to stat
[Tue Mar 12 20:36:41.492489 2019] [php7:error] [pid 1031] [client 122.114.166.44:25243] script '/var/www/html/muhstik2.php' not found or unable to stat
[Tue Mar 12 20:36:43.679122 2019] [php7:error] [pid 1031] [client 122.114.166.44:25243] script '/var/www/html/muhstiks.php' not found or unable to stat
[Tue Mar 12 20:36:45.165837 2019] [php7:error] [pid 1031] [client 122.114.166.44:25243] script '/var/www/html/muhstik-dpr.php' not found or unable to stat
[Tue Mar 12 20:36:47.828063 2019] [php7:error] [pid 1031] [client 122.114.166.44:25243] script '/var/www/html/lol.php' not found or unable to stat
[Tue Mar 12 20:36:50.832827 2019] [php7:error] [pid 1031] [client 122.114.166.44:25243] script '/var/www/html/uploader.php' not found or unable to stat
[Tue Mar 12 20:36:51.820306 2019] [php7:error] [pid 1031] [client 122.114.166.44:25243] script '/var/www/html/cmd.php' not found or unable to stat
[Tue Mar 12 20:36:52.119111 2019] [php7:error] [pid 1031] [client 122.114.166.44:25243] script '/var/www/html/cmv.php' not found or unable to stat
[Tue Mar 12 20:36:52.428024 2019] [php7:error] [pid 1031] [client 122.114.166.44:25243] script '/var/www/html/cmdd.php' not found or unable to stat
[Tue Mar 12 20:36:52.701246 2019] [php7:error] [pid 1031] [client 122.114.166.44:25243] script '/var/www/html/knal.php' not found or unable to stat
[Tue Mar 12 20:36:53.104225 2019] [php7:error] [pid 1031] [client 122.114.166.44:25243] script '/var/www/html/cmd.php' not found or unable to stat
[Tue Mar 12 20:36:53.504696 2019] [php7:error] [pid 1031] [client 122.114.166.44:25243] script '/var/www/html/shell.php' not found or unable to stat
[Tue Mar 12 20:36:53.794369 2019] [php7:error] [pid 1031] [client 122.114.166.44:25243] script '/var/www/html/appserv.php' not found or unable to stat
[Tue Mar 12 20:37:09.551712 2019] [php7:error] [pid 1031] [client 122.114.166.44:25243] script '/var/www/html/d7.php' not found or unable to stat
[Tue Mar 12 20:37:12.785885 2019] [php7:error] [pid 1031] [client 122.114.166.44:25243] script '/var/www/html/rxr.php' not found or unable to stat
[Tue Mar 12 20:37:14.625210 2019] [php7:error] [pid 1031] [client 122.114.166.44:25243] script '/var/www/html/1x.php' not found or unable to stat
[Tue Mar 12 20:37:17.487610 2019] [php7:error] [pid 1031] [client 122.114.166.44:25243] script '/var/www/html/undx.php' not found or unable to stat
[Tue Mar 12 20:37:20.739522 2019] [php7:error] [pid 1031] [client 122.114.166.44:25243] script '/var/www/html/spider.php' not found or unable to stat
[Tue Mar 12 20:37:21.324415 2019] [php7:error] [pid 1031] [client 122.114.166.44:25243] script '/var/www/html/payload.php' not found or unable to stat
[Tue Mar 12 20:37:21.742036 2019] [php7:error] [pid 1031] [client 122.114.166.44:25243] script '/var/www/html/composers.php' not found or unable to stat
[Tue Mar 12 20:37:22.143605 2019] [php7:error] [pid 1031] [client 122.114.166.44:25243] script '/var/www/html/izom.php' not found or unable to stat
[Tue Mar 12 20:37:22.554757 2019] [php7:error] [pid 1031] [client 122.114.166.44:25243] script '/var/www/html/composer.php' not found or unable to stat
[Tue Mar 12 20:37:25.906108 2019] [php7:error] [pid 1031] [client 122.114.166.44:25243] script '/var/www/html/hue2.php' not found or unable to stat
[Tue Mar 12 20:37:28.351138 2019] [php7:error] [pid 1031] [client 122.114.166.44:25243] script '/var/www/html/Drupal.php' not found or unable to stat
[Tue Mar 12 20:37:29.935008 2019] [php7:error] [pid 1031] [client 122.114.166.44:25243] script '/var/www/html/home.php' not found or unable to stat
[Tue Mar 12 20:37:30.751291 2019] [php7:error] [pid 1031] [client 122.114.166.44:25243] script '/var/www/html/lang.php' not found or unable to stat
[Tue Mar 12 20:37:31.802352 2019] [php7:error] [pid 1031] [client 122.114.166.44:25243] script '/var/www/html/libraries/joomla/jmail.php' not found or unable to stat
[Tue Mar 12 20:37:32.320568 2019] [php7:error] [pid 1031] [client 122.114.166.44:25243] script '/var/www/html/libraries/joomla/jmails.php' not found or unable to stat
[Tue Mar 12 20:37:33.069522 2019] [php7:error] [pid 1031] [client 122.114.166.44:25243] script '/var/www/html/libraries/joomla/wl.php' not found or unable to stat
[Tue Mar 12 20:37:33.731636 2019] [php7:error] [pid 1031] [client 122.114.166.44:25243] script '/var/www/html/wuwu11.php' not found or unable to stat
[Tue Mar 12 20:37:35.635134 2019] [php7:error] [pid 1031] [client 122.114.166.44:25243] script '/var/www/html/xw.php' not found or unable to stat
[Tue Mar 12 20:37:39.146885 2019] [php7:error] [pid 1031] [client 122.114.166.44:25243] script '/var/www/html/xw1.php' not found or unable to stat
[Tue Mar 12 20:37:40.739433 2019] [php7:error] [pid 1031] [client 122.114.166.44:25243] script '/var/www/html/9678.php' not found or unable to stat
[Tue Mar 12 20:37:41.346566 2019] [php7:error] [pid 1031] [client 122.114.166.44:25243] script '/var/www/html/wc.php' not found or unable to stat
[Tue Mar 12 20:37:42.590993 2019] [php7:error] [pid 1031] [client 122.114.166.44:25243] script '/var/www/html/xx.php' not found or unable to stat
[Tue Mar 12 20:37:49.180838 2019] [php7:error] [pid 1032] [client 122.114.166.44:33908] script '/var/www/html/s.php' not found or unable to stat
[Tue Mar 12 20:37:55.592848 2019] [php7:error] [pid 11336] [client 122.114.166.44:34568] script '/var/www/html/w.php' not found or unable to stat
[Tue Mar 12 20:37:57.978947 2019] [php7:error] [pid 11336] [client 122.114.166.44:34568] script '/var/www/html/sheep.php' not found or unable to stat
[Tue Mar 12 20:38:01.864901 2019] [php7:error] [pid 11336] [client 122.114.166.44:34568] script '/var/www/html/qaq.php' not found or unable to stat
[Tue Mar 12 20:38:04.282106 2019] [php7:error] [pid 11336] [client 122.114.166.44:34568] script '/var/www/html/db.init.php' not found or unable to stat
[Tue Mar 12 20:38:05.437660 2019] [php7:error] [pid 11336] [client 122.114.166.44:34568] script '/var/www/html/db_session.init.php' not found or unable to stat
[Tue Mar 12 20:38:15.103457 2019] [php7:error] [pid 1028] [client 122.114.166.44:36586] script '/var/www/html/db__.init.php' not found or unable to stat
[Tue Mar 12 20:38:17.938337 2019] [php7:error] [pid 1028] [client 122.114.166.44:36586] script '/var/www/html/wp-admins.php' not found or unable to stat
[Tue Mar 12 20:38:19.122921 2019] [php7:error] [pid 1028] [client 122.114.166.44:36586] script '/var/www/html/m.php' not found or unable to stat
[Tue Mar 12 20:38:26.585295 2019] [php7:error] [pid 1033] [client 122.114.166.44:37477] script '/var/www/html/099.php' not found or unable to stat
[Tue Mar 12 20:38:45.511550 2019] [php7:error] [pid 11338] [client 122.114.166.44:39144] script '/var/www/html/Alarg53.php' not found or unable to stat
[Tue Mar 12 20:38:46.778106 2019] [php7:error] [pid 11338] [client 122.114.166.44:39144] script '/var/www/html/lapan.php' not found or unable to stat
[Tue Mar 12 20:38:47.097820 2019] [php7:error] [pid 11338] [client 122.114.166.44:39144] script '/var/www/html/p34ky1337.php' not found or unable to stat
[Tue Mar 12 20:38:55.670164 2019] [php7:error] [pid 1031] [client 122.114.166.44:39846] script '/var/www/html/pk1914.php' not found or unable to stat
[Tue Mar 12 20:38:59.559589 2019] [php7:error] [pid 1031] [client 122.114.166.44:39846] script '/var/www/html/sllolx.php' not found or unable to stat
[Tue Mar 12 20:39:02.143806 2019] [php7:error] [pid 1031] [client 122.114.166.44:39846] script '/var/www/html/Skri.php' not found or unable to stat
[Tue Mar 12 20:39:06.682565 2019] [php7:error] [pid 1031] [client 122.114.166.44:39846] script '/var/www/html/db_dataml.php' not found or unable to stat
[Tue Mar 12 20:39:08.381995 2019] [php7:error] [pid 1031] [client 122.114.166.44:39846] script '/var/www/html/db_desql.php' not found or unable to stat
[Tue Mar 12 20:39:09.797130 2019] [php7:error] [pid 1031] [client 122.114.166.44:39846] script '/var/www/html/mx.php' not found or unable to stat
[Tue Mar 12 20:39:10.276904 2019] [php7:error] [pid 1031] [client 122.114.166.44:39846] script '/var/www/html/wshell.php' not found or unable to stat
[Tue Mar 12 20:39:10.597755 2019] [php7:error] [pid 1031] [client 122.114.166.44:39846] script '/var/www/html/xshell.php' not found or unable to stat
[Tue Mar 12 20:39:11.783528 2019] [php7:error] [pid 1031] [client 122.114.166.44:39846] script '/var/www/html/qq.php' not found or unable to stat
[Tue Mar 12 20:39:29.725053 2019] [php7:error] [pid 1032] [client 122.114.166.44:43236] script '/var/www/html/lindex.php' not found or unable to stat
[Tue Mar 12 20:39:31.847688 2019] [php7:error] [pid 1032] [client 122.114.166.44:43236] script '/var/www/html/phpstudy.php' not found or unable to stat
[Tue Mar 12 20:39:32.457800 2019] [php7:error] [pid 1032] [client 122.114.166.44:43236] script '/var/www/html/phpStudy.php' not found or unable to stat
[Tue Mar 12 20:39:33.580211 2019] [php7:error] [pid 1032] [client 122.114.166.44:43236] script '/var/www/html/weixiao.php' not found or unable to stat
[Tue Mar 12 20:39:34.876822 2019] [php7:error] [pid 1032] [client 122.114.166.44:43236] script '/var/www/html/feixiang.php' not found or unable to stat
[Tue Mar 12 20:39:35.615435 2019] [php7:error] [pid 1032] [client 122.114.166.44:43236] script '/var/www/html/ak47.php' not found or unable to stat
[Tue Mar 12 20:39:38.594251 2019] [php7:error] [pid 1032] [client 122.114.166.44:43236] script '/var/www/html/ak48.php' not found or unable to stat
[Tue Mar 12 20:39:42.342268 2019] [php7:error] [pid 1032] [client 122.114.166.44:43236] script '/var/www/html/xiao.php' not found or unable to stat
[Tue Mar 12 20:39:44.609708 2019] [php7:error] [pid 1032] [client 122.114.166.44:43236] script '/var/www/html/yao.php' not found or unable to stat
[Tue Mar 12 20:39:44.873732 2019] [php7:error] [pid 1032] [client 122.114.166.44:43236] script '/var/www/html/defect.php' not found or unable to stat
[Tue Mar 12 20:39:45.502227 2019] [php7:error] [pid 1032] [client 122.114.166.44:43236] script '/var/www/html/webslee.php' not found or unable to stat
[Tue Mar 12 20:39:45.982142 2019] [php7:error] [pid 1032] [client 122.114.166.44:43236] script '/var/www/html/q.php' not found or unable to stat
[Tue Mar 12 20:39:49.118379 2019] [php7:error] [pid 1032] [client 122.114.166.44:43236] script '/var/www/html/pe.php' not found or unable to stat
[Tue Mar 12 20:39:50.357235 2019] [php7:error] [pid 1032] [client 122.114.166.44:43236] script '/var/www/html/hm.php' not found or unable to stat
[Tue Mar 12 20:39:53.688284 2019] [php7:error] [pid 1032] [client 122.114.166.44:43236] script '/var/www/html/cainiao.php' not found or unable to stat
[Tue Mar 12 20:39:57.809074 2019] [php7:error] [pid 1032] [client 122.114.166.44:43236] script '/var/www/html/zuoshou.php' not found or unable to stat
[Tue Mar 12 20:39:58.450543 2019] [php7:error] [pid 1032] [client 122.114.166.44:43236] script '/var/www/html/zuo.php' not found or unable to stat
[Tue Mar 12 20:39:59.954113 2019] [php7:error] [pid 1032] [client 122.114.166.44:43236] script '/var/www/html/aotu.php' not found or unable to stat
[Tue Mar 12 20:40:02.577149 2019] [php7:error] [pid 1032] [client 122.114.166.44:43236] script '/var/www/html/aotu7.php' not found or unable to stat
[Tue Mar 12 20:40:05.695453 2019] [php7:error] [pid 1032] [client 122.114.166.44:43236] script '/var/www/html/cmd.php' not found or unable to stat
[Tue Mar 12 20:40:06.763526 2019] [php7:error] [pid 1032] [client 122.114.166.44:43236] script '/var/www/html/bak.php' not found or unable to stat
[Tue Mar 12 20:40:08.174100 2019] [php7:error] [pid 1032] [client 122.114.166.44:43236] script '/var/www/html/system.php' not found or unable to stat
[Tue Mar 12 20:40:08.467450 2019] [php7:error] [pid 1032] [client 122.114.166.44:43236] script '/var/www/html/l6.php' not found or unable to stat
[Tue Mar 12 20:40:08.984491 2019] [php7:error] [pid 1032] [client 122.114.166.44:43236] script '/var/www/html/l7.php' not found or unable to stat
[Tue Mar 12 20:40:11.732088 2019] [php7:error] [pid 1032] [client 122.114.166.44:43236] script '/var/www/html/l8.php' not found or unable to stat
[Tue Mar 12 20:40:12.011300 2019] [php7:error] [pid 1032] [client 122.114.166.44:43236] script '/var/www/html/q.php' not found or unable to stat
[Tue Mar 12 20:40:12.747097 2019] [php7:error] [pid 1032] [client 122.114.166.44:43236] script '/var/www/html/56.php' not found or unable to stat
[Tue Mar 12 20:40:17.418080 2019] [php7:error] [pid 1032] [client 122.114.166.44:43236] script '/var/www/html/mz.php' not found or unable to stat
[Tue Mar 12 20:40:20.516160 2019] [php7:error] [pid 1032] [client 122.114.166.44:43236] script '/var/www/html/xx.php' not found or unable to stat
[Tue Mar 12 20:40:22.773547 2019] [php7:error] [pid 1032] [client 122.114.166.44:43236] script '/var/www/html/yumo.php' not found or unable to stat
[Tue Mar 12 20:40:25.492079 2019] [php7:error] [pid 1032] [client 122.114.166.44:43236] script '/var/www/html/min.php' not found or unable to stat
[Tue Mar 12 20:40:25.968157 2019] [php7:error] [pid 1032] [client 122.114.166.44:43236] script '/var/www/html/wan.php' not found or unable to stat
[Tue Mar 12 20:40:26.466117 2019] [php7:error] [pid 1032] [client 122.114.166.44:43236] script '/var/www/html/wanan.php' not found or unable to stat
[Tue Mar 12 20:40:27.087779 2019] [php7:error] [pid 1032] [client 122.114.166.44:43236] script '/var/www/html/ssaa.php' not found or unable to stat
[Tue Mar 12 20:40:27.457986 2019] [php7:error] [pid 1032] [client 122.114.166.44:43236] script '/var/www/html/qq.php' not found or unable to stat
[Tue Mar 12 20:40:41.566790 2019] [php7:error] [pid 11336] [client 122.114.166.44:50937] script '/var/www/html/12.php' not found or unable to stat
[Tue Mar 12 20:40:41.969995 2019] [php7:error] [pid 11336] [client 122.114.166.44:50937] script '/var/www/html/hh.php' not found or unable to stat
[Tue Mar 12 20:40:43.579826 2019] [php7:error] [pid 11336] [client 122.114.166.44:50937] script '/var/www/html/ak.php' not found or unable to stat
[Tue Mar 12 20:40:44.423279 2019] [php7:error] [pid 11336] [client 122.114.166.44:50937] script '/var/www/html/ip.php' not found or unable to stat
[Tue Mar 12 20:40:45.716571 2019] [php7:error] [pid 11336] [client 122.114.166.44:50937] script '/var/www/html/infoo.php' not found or unable to stat
[Tue Mar 12 20:40:50.004367 2019] [php7:error] [pid 11336] [client 122.114.166.44:50937] script '/var/www/html/qq.php' not found or unable to stat
[Tue Mar 12 20:40:52.754747 2019] [php7:error] [pid 11336] [client 122.114.166.44:50937] script '/var/www/html/qwe.php' not found or unable to stat
[Tue Mar 12 20:40:58.932800 2019] [php7:error] [pid 1282] [client 122.114.166.44:52315] script '/var/www/html/1213.php' not found or unable to stat
[Tue Mar 12 20:41:00.997963 2019] [php7:error] [pid 1282] [client 122.114.166.44:52315] script '/var/www/html/post.php' not found or unable to stat
[Tue Mar 12 20:41:01.636232 2019] [php7:error] [pid 1282] [client 122.114.166.44:52315] script '/var/www/html/aaaa.php' not found or unable to stat
[Tue Mar 12 20:41:03.530079 2019] [php7:error] [pid 1282] [client 122.114.166.44:52315] script '/var/www/html/h1.php' not found or unable to stat
[Tue Mar 12 20:41:05.972938 2019] [php7:error] [pid 1282] [client 122.114.166.44:52315] script '/var/www/html/test.php' not found or unable to stat
[Tue Mar 12 20:41:06.228496 2019] [php7:error] [pid 1282] [client 122.114.166.44:52315] script '/var/www/html/3.php' not found or unable to stat
[Tue Mar 12 20:41:07.711695 2019] [php7:error] [pid 1282] [client 122.114.166.44:52315] script '/var/www/html/phpinfi.php' not found or unable to stat
[Tue Mar 12 20:41:11.531132 2019] [php7:error] [pid 1282] [client 122.114.166.44:52315] script '/var/www/html/9510.php' not found or unable to stat
[Tue Mar 12 20:41:13.662850 2019] [php7:error] [pid 1282] [client 122.114.166.44:52315] script '/var/www/html/python.php' not found or unable to stat
[Tue Mar 12 20:41:15.872920 2019] [php7:error] [pid 1282] [client 122.114.166.44:52315] script '/var/www/html/default.php' not found or unable to stat
[Tue Mar 12 20:41:16.536585 2019] [php7:error] [pid 1282] [client 122.114.166.44:52315] script '/var/www/html/sean.php' not found or unable to stat
[Tue Mar 12 20:41:20.850671 2019] [php7:error] [pid 1282] [client 122.114.166.44:52315] script '/var/www/html/app.php' not found or unable to stat
[Tue Mar 12 20:41:21.708182 2019] [php7:error] [pid 1282] [client 122.114.166.44:52315] script '/var/www/html/help.php' not found or unable to stat
[Tue Mar 12 20:41:32.820246 2019] [php7:error] [pid 1028] [client 122.114.166.44:55300] script '/var/www/html/miao.php' not found or unable to stat
